interactions:
- request:
    body: null
    headers: {}
    method: GET
    uri: https://test.eodatahub.org.uk/ades/figi44/ogc-api/jobs
  response:
    body:
      string: '{"jobs": [{"jobID": "0d8db62c-8f8e-11ef-a7cf-d214b64a073c", "type":
        "process", "processID": "convert-url", "created": "2024-10-21T09:22:54.992Z",
        "started": "2024-10-21T09:22:54.992Z", "finished": "2024-10-21T09:24:52.268Z",
        "updated": "2024-10-21T09:24:51.812Z", "status": "successful", "message":
        "ZOO-Kernel successfully run your service!", "links": [{"title": "Status location",
        "rel": "monitor", "type": "application/json", "href": "https://test.eodatahub.org.uk/ades/figi44/ogc-api/jobs/0d8db62c-8f8e-11ef-a7cf-d214b64a073c"},
        {"title": "Result location", "rel": "http://www.opengis.net/def/rel/ogc/1.0/results",
        "type": "application/json", "href": "https://test.eodatahub.org.uk/ades/figi44/ogc-api/jobs/0d8db62c-8f8e-11ef-a7cf-d214b64a073c/results"},
        {"href": "https://test.eodatahub.org.uk/ades/temp/convert-url-0d8db62c-8f8e-11ef-a7cf-d214b64a073c/convert.log",
        "title": "Tool log convert.log", "rel": "related", "type": "text/plain"},
        {"href": "https://test.eodatahub.org.uk/ades/temp/convert-url-0d8db62c-8f8e-11ef-a7cf-d214b64a073c/node_stage_out.log",
        "title": "Tool log node_stage_out.log", "rel": "related", "type": "text/plain"}]},
        {"jobID": "fb308d88-8f8d-11ef-9a28-d214b64a073c", "type": "process", "processID":
        "convert-url", "created": "2024-10-21T09:22:24.169Z", "started": "2024-10-21T09:22:24.169Z",
        "finished": "2024-10-21T09:22:24.743Z", "updated": "2024-10-21T09:22:24.487Z",
        "status": "failed", "message": "ZOO-Kernel accepted to run your service!",
        "links": [{"title": "Status location", "rel": "monitor", "type": "application/json",
        "href": "https://test.eodatahub.org.uk/ades/figi44/ogc-api/jobs/fb308d88-8f8d-11ef-9a28-d214b64a073c"}]},
        {"jobID": "39b1e924-924c-11ef-8cbd-4a743c54e35f", "type": "process", "processID":
        "convert-url", "created": "2024-10-24T21:09:15.722Z", "started": "2024-10-24T21:09:15.722Z",
        "finished": "2024-10-24T21:09:16.194Z", "updated": "2024-10-24T21:09:15.984Z",
        "status": "failed", "message": "ZOO-Kernel accepted to run your service!",
        "links": [{"title": "Status location", "rel": "monitor", "type": "application/json",
        "href": "https://test.eodatahub.org.uk/ades/figi44/ogc-api/jobs/39b1e924-924c-11ef-8cbd-4a743c54e35f"}]},
        {"jobID": "a8143762-9249-11ef-8102-4a743c54e35f", "type": "process", "processID":
        "convert-url", "created": "2024-10-24T20:50:52.448Z", "started": "2024-10-24T20:50:52.448Z",
        "finished": "2024-10-24T20:50:52.905Z", "updated": "2024-10-24T20:50:52.686Z",
        "status": "failed", "message": "ZOO-Kernel accepted to run your service!",
        "links": [{"title": "Status location", "rel": "monitor", "type": "application/json",
        "href": "https://test.eodatahub.org.uk/ades/figi44/ogc-api/jobs/a8143762-9249-11ef-8102-4a743c54e35f"}]},
        {"jobID": "0f459240-924b-11ef-86fe-4a743c54e35f", "type": "process", "processID":
        "convert-url", "created": "2024-10-24T21:00:55.139Z", "started": "2024-10-24T21:00:55.139Z",
        "finished": "2024-10-24T21:00:55.595Z", "updated": "2024-10-24T21:00:55.395Z",
        "status": "failed", "message": "ZOO-Kernel accepted to run your service!",
        "links": [{"title": "Status location", "rel": "monitor", "type": "application/json",
        "href": "https://test.eodatahub.org.uk/ades/figi44/ogc-api/jobs/0f459240-924b-11ef-86fe-4a743c54e35f"}]},
        {"jobID": "95cb27c0-924c-11ef-aa8c-4a743c54e35f", "type": "process", "processID":
        "convert-url", "created": "2024-10-24T21:11:50.286Z", "started": "2024-10-24T21:11:50.286Z",
        "finished": "2024-10-24T21:11:50.829Z", "updated": "2024-10-24T21:11:50.621Z",
        "status": "failed", "message": "ZOO-Kernel accepted to run your service!",
        "links": [{"title": "Status location", "rel": "monitor", "type": "application/json",
        "href": "https://test.eodatahub.org.uk/ades/figi44/ogc-api/jobs/95cb27c0-924c-11ef-aa8c-4a743c54e35f"}]},
        {"jobID": "970ac29e-9297-11ef-bd54-c20c1128b306", "type": "process", "processID":
        "convert-url", "created": "2024-10-25T06:08:44.771Z", "started": "2024-10-25T06:08:44.771Z",
        "finished": "2024-10-25T06:08:45.304Z", "updated": "2024-10-25T06:08:45.029Z",
        "status": "failed", "message": "ZOO-Kernel accepted to run your service!",
        "links": [{"title": "Status location", "rel": "monitor", "type": "application/json",
        "href": "https://test.eodatahub.org.uk/ades/figi44/ogc-api/jobs/970ac29e-9297-11ef-bd54-c20c1128b306"}]},
        {"jobID": "ffa71cb2-9297-11ef-af5b-c20c1128b306", "type": "process", "processID":
        "convert-url", "created": "2024-10-25T06:11:40.381Z", "started": "2024-10-25T06:11:40.381Z",
        "finished": "2024-10-25T06:11:41.024Z", "updated": "2024-10-25T06:11:40.738Z",
        "status": "failed", "message": "ZOO-Kernel accepted to run your service!",
        "links": [{"title": "Status location", "rel": "monitor", "type": "application/json",
        "href": "https://test.eodatahub.org.uk/ades/figi44/ogc-api/jobs/ffa71cb2-9297-11ef-af5b-c20c1128b306"}]},
        {"jobID": "4959391c-9298-11ef-a131-c20c1128b306", "type": "process", "processID":
        "convert-url", "created": "2024-10-25T06:13:43.933Z", "started": "2024-10-25T06:13:43.933Z",
        "finished": "2024-10-25T06:13:44.554Z", "updated": "2024-10-25T06:13:44.285Z",
        "status": "failed", "message": "ZOO-Kernel accepted to run your service!",
        "links": [{"title": "Status location", "rel": "monitor", "type": "application/json",
        "href": "https://test.eodatahub.org.uk/ades/figi44/ogc-api/jobs/4959391c-9298-11ef-a131-c20c1128b306"}]},
        {"jobID": "5d3c5c7a-9298-11ef-961e-c20c1128b306", "type": "process", "processID":
        "convert-url", "created": "2024-10-25T06:14:17.311Z", "started": "2024-10-25T06:14:17.311Z",
        "finished": "2024-10-25T06:14:17.816Z", "updated": "2024-10-25T06:14:17.586Z",
        "status": "failed", "message": "ZOO-Kernel accepted to run your service!",
        "links": [{"title": "Status location", "rel": "monitor", "type": "application/json",
        "href": "https://test.eodatahub.org.uk/ades/figi44/ogc-api/jobs/5d3c5c7a-9298-11ef-961e-c20c1128b306"}]}],
        "links": [{"rel": "self", "type": "application/json", "href": "https://test.eodatahub.org.uk/ades/figi44/ogc-api/jobs"}],
        "numberTotal": 10}'
    headers:
      Access-Control-Allow-Credentials:
      - 'true'
      Access-Control-Allow-Headers:
      - DNT,User-Agent,X-Requested-With,If-Modified-Since,Cache-Control,Content-Type,Range,Authorization,Prefer
      Access-Control-Allow-Methods:
      - GET, PUT, POST, DELETE, PATCH, OPTIONS
      Access-Control-Allow-Origin:
      - '*'
      Access-Control-Max-Age:
      - '1728000'
      Connection:
      - keep-alive
      Content-Length:
      - '5970'
      Content-Type:
      - application/json;charset=UTF-8
      Date:
      - Fri, 25 Oct 2024 06:15:35 GMT
      Server:
      - nginx/1.27.0
      Via:
      - 1.1 f9fdc7f95aba4b520d73ade0f850d634.cloudfront.net (CloudFront)
      X-Amz-Cf-Id:
      - I6qXmb-dCwOaGyxpQvIe4O_1sz7lbemMzcZs_iwJPOo0t67jzjA-gw==
      X-Amz-Cf-Pop:
      - VIE50-C2
      X-Cache:
      - Miss from cloudfront
    status:
      code: 200
      message: OK
- request:
    body: null
    headers:
      Accept:
      - '*/*'
      Accept-Encoding:
      - gzip, deflate
      Connection:
      - keep-alive
      User-Agent:
      - python-requests/2.32.3
    method: GET
    uri: https://test.eodatahub.org.uk/ades/figi44/ogc-api/jobs?limit=10
  response:
    body:
      string: '{"jobs": [{"jobID": "12fe1b9e-bcb4-11ef-be28-8ef03814f15e", "type":
        "process", "processID": "convert-url", "created": "2024-12-17T20:18:27.492Z",
        "started": "2024-12-17T20:18:27.492Z", "finished": "2024-12-17T20:19:29.356Z",
        "updated": "2024-12-17T20:19:28.974Z", "status": "successful", "message":
        "ZOO-Kernel successfully run your service!", "links": [{"title": "Status location",
        "rel": "monitor", "type": "application/json", "href": "https://test.eodatahub.org.uk/ades/figi44/ogc-api/jobs/12fe1b9e-bcb4-11ef-be28-8ef03814f15e"},
        {"title": "Result location", "rel": "http://www.opengis.net/def/rel/ogc/1.0/results",
        "type": "application/json", "href": "https://test.eodatahub.org.uk/ades/figi44/ogc-api/jobs/12fe1b9e-bcb4-11ef-be28-8ef03814f15e/results"},
        {"href": "https://test.eodatahub.org.uk/ades/figi44/temp/convert-url-12fe1b9e-bcb4-11ef-be28-8ef03814f15e/convert.log",
        "title": "Tool log convert.log", "rel": "related", "type": "text/plain"},
        {"href": "https://test.eodatahub.org.uk/ades/figi44/temp/convert-url-12fe1b9e-bcb4-11ef-be28-8ef03814f15e/node_stage_out.log",
        "title": "Tool log node_stage_out.log", "rel": "related", "type": "text/plain"}]},
        {"jobID": "3208f4e6-de74-11ef-8d93-12e2ea552ab2", "type": "process", "processID":
        "convert-url", "created": "2025-01-29T19:06:51.585Z", "started": "2025-01-29T19:06:51.585Z",
        "finished": "2025-01-29T19:08:07.097Z", "updated": "2025-01-29T19:08:06.678Z",
        "status": "successful", "message": "ZOO-Kernel successfully run your service!",
        "links": [{"title": "Status location", "rel": "monitor", "type": "application/json",
        "href": "https://test.eodatahub.org.uk/ades/figi44/ogc-api/jobs/3208f4e6-de74-11ef-8d93-12e2ea552ab2"},
        {"title": "Result location", "rel": "http://www.opengis.net/def/rel/ogc/1.0/results",
        "type": "application/json", "href": "https://test.eodatahub.org.uk/ades/figi44/ogc-api/jobs/3208f4e6-de74-11ef-8d93-12e2ea552ab2/results"},
        {"href": "https://test.eodatahub.org.uk/ades/figi44/temp/convert-url-3208f4e6-de74-11ef-8d93-12e2ea552ab2/node_stage_in.log",
        "title": "Tool log node_stage_in.log", "rel": "related", "type": "text/plain"},
        {"href": "https://test.eodatahub.org.uk/ades/figi44/temp/convert-url-3208f4e6-de74-11ef-8d93-12e2ea552ab2/convert.log",
        "title": "Tool log convert.log", "rel": "related", "type": "text/plain"},
        {"href": "https://test.eodatahub.org.uk/ades/figi44/temp/convert-url-3208f4e6-de74-11ef-8d93-12e2ea552ab2/node_stage_out.log",
        "title": "Tool log node_stage_out.log", "rel": "related", "type": "text/plain"}]},
        {"jobID": "3bc0d142-bd7d-11ef-9835-8ef03814f15e", "type": "process", "processID":
        "convert-url", "created": "2024-12-18T20:18:24.798Z", "started": "2024-12-18T20:18:24.798Z",
        "finished": "2024-12-18T20:19:28.145Z", "updated": "2024-12-18T20:19:27.811Z",
        "status": "successful", "message": "ZOO-Kernel successfully run your service!",
        "links": [{"title": "Status location", "rel": "monitor", "type": "application/json",
        "href": "https://test.eodatahub.org.uk/ades/figi44/ogc-api/jobs/3bc0d142-bd7d-11ef-9835-8ef03814f15e"},
        {"title": "Result location", "rel": "http://www.opengis.net/def/rel/ogc/1.0/results",
        "type": "application/json", "href": "https://test.eodatahub.org.uk/ades/figi44/ogc-api/jobs/3bc0d142-bd7d-11ef-9835-8ef03814f15e/results"},
        {"href": "https://test.eodatahub.org.uk/ades/figi44/temp/convert-url-3bc0d142-bd7d-11ef-9835-8ef03814f15e/convert.log",
        "title": "Tool log convert.log", "rel": "related", "type": "text/plain"},
        {"href": "https://test.eodatahub.org.uk/ades/figi44/temp/convert-url-3bc0d142-bd7d-11ef-9835-8ef03814f15e/node_stage_out.log",
        "title": "Tool log node_stage_out.log", "rel": "related", "type": "text/plain"}]},
        {"jobID": "8f6e7c0a-c0a1-11ef-8c97-8ef03814f15e", "type": "process", "processID":
        "convert-url", "created": "2024-12-22T20:16:00.495Z", "started": "2024-12-22T20:16:00.495Z",
        "finished": "2024-12-22T20:17:00.286Z", "updated": "2024-12-22T20:16:59.937Z",
        "status": "successful", "message": "ZOO-Kernel successfully run your service!",
        "links": [{"title": "Status location", "rel": "monitor", "type": "application/json",
        "href": "https://test.eodatahub.org.uk/ades/figi44/ogc-api/jobs/8f6e7c0a-c0a1-11ef-8c97-8ef03814f15e"},
        {"title": "Result location", "rel": "http://www.opengis.net/def/rel/ogc/1.0/results",
        "type": "application/json", "href": "https://test.eodatahub.org.uk/ades/figi44/ogc-api/jobs/8f6e7c0a-c0a1-11ef-8c97-8ef03814f15e/results"},
        {"href": "https://test.eodatahub.org.uk/ades/figi44/temp/convert-url-8f6e7c0a-c0a1-11ef-8c97-8ef03814f15e/convert.log",
        "title": "Tool log convert.log", "rel": "related", "type": "text/plain"},
        {"href": "https://test.eodatahub.org.uk/ades/figi44/temp/convert-url-8f6e7c0a-c0a1-11ef-8c97-8ef03814f15e/node_stage_out.log",
        "title": "Tool log node_stage_out.log", "rel": "related", "type": "text/plain"}]},
        {"jobID": "5b6b2f58-bfd8-11ef-b3de-8ef03814f15e", "type": "process", "processID":
        "convert-url", "created": "2024-12-21T20:15:44.396Z", "started": "2024-12-21T20:15:44.396Z",
        "finished": "2024-12-21T20:16:44.985Z", "updated": "2024-12-21T20:16:44.640Z",
        "status": "successful", "message": "ZOO-Kernel successfully run your service!",
        "links": [{"title": "Status location", "rel": "monitor", "type": "application/json",
        "href": "https://test.eodatahub.org.uk/ades/figi44/ogc-api/jobs/5b6b2f58-bfd8-11ef-b3de-8ef03814f15e"},
        {"title": "Result location", "rel": "http://www.opengis.net/def/rel/ogc/1.0/results",
        "type": "application/json", "href": "https://test.eodatahub.org.uk/ades/figi44/ogc-api/jobs/5b6b2f58-bfd8-11ef-b3de-8ef03814f15e/results"},
        {"href": "https://test.eodatahub.org.uk/ades/figi44/temp/convert-url-5b6b2f58-bfd8-11ef-b3de-8ef03814f15e/convert.log",
        "title": "Tool log convert.log", "rel": "related", "type": "text/plain"},
        {"href": "https://test.eodatahub.org.uk/ades/figi44/temp/convert-url-5b6b2f58-bfd8-11ef-b3de-8ef03814f15e/node_stage_out.log",
        "title": "Tool log node_stage_out.log", "rel": "related", "type": "text/plain"}]},
        {"jobID": "607d8460-bf0f-11ef-bc46-8ef03814f15e", "type": "process", "processID":
        "convert-url", "created": "2024-12-20T20:17:04.109Z", "started": "2024-12-20T20:17:04.109Z",
        "finished": "2024-12-20T20:18:06.216Z", "updated": "2024-12-20T20:18:05.792Z",
        "status": "successful", "message": "ZOO-Kernel successfully run your service!",
        "links": [{"title": "Status location", "rel": "monitor", "type": "application/json",
        "href": "https://test.eodatahub.org.uk/ades/figi44/ogc-api/jobs/607d8460-bf0f-11ef-bc46-8ef03814f15e"},
        {"title": "Result location", "rel": "http://www.opengis.net/def/rel/ogc/1.0/results",
        "type": "application/json", "href": "https://test.eodatahub.org.uk/ades/figi44/ogc-api/jobs/607d8460-bf0f-11ef-bc46-8ef03814f15e/results"},
        {"href": "https://test.eodatahub.org.uk/ades/figi44/temp/convert-url-607d8460-bf0f-11ef-bc46-8ef03814f15e/convert.log",
        "title": "Tool log convert.log", "rel": "related", "type": "text/plain"},
        {"href": "https://test.eodatahub.org.uk/ades/figi44/temp/convert-url-607d8460-bf0f-11ef-bc46-8ef03814f15e/node_stage_out.log",
        "title": "Tool log node_stage_out.log", "rel": "related", "type": "text/plain"}]},
        {"jobID": "4575ee92-be46-11ef-a2c9-8ef03814f15e", "type": "process", "processID":
        "convert-url", "created": "2024-12-19T20:17:29.893Z", "started": "2024-12-19T20:17:29.893Z",
        "finished": "2024-12-19T20:18:31.012Z", "updated": "2024-12-19T20:18:30.589Z",
        "status": "successful", "message": "ZOO-Kernel successfully run your service!",
        "links": [{"title": "Status location", "rel": "monitor", "type": "application/json",
        "href": "https://test.eodatahub.org.uk/ades/figi44/ogc-api/jobs/4575ee92-be46-11ef-a2c9-8ef03814f15e"},
        {"title": "Result location", "rel": "http://www.opengis.net/def/rel/ogc/1.0/results",
        "type": "application/json", "href": "https://test.eodatahub.org.uk/ades/figi44/ogc-api/jobs/4575ee92-be46-11ef-a2c9-8ef03814f15e/results"},
        {"href": "https://test.eodatahub.org.uk/ades/figi44/temp/convert-url-4575ee92-be46-11ef-a2c9-8ef03814f15e/convert.log",
        "title": "Tool log convert.log", "rel": "related", "type": "text/plain"},
        {"href": "https://test.eodatahub.org.uk/ades/figi44/temp/convert-url-4575ee92-be46-11ef-a2c9-8ef03814f15e/node_stage_out.log",
        "title": "Tool log node_stage_out.log", "rel": "related", "type": "text/plain"}]},
        {"jobID": "dd34e5d6-c16a-11ef-bded-8ef03814f15e", "type": "process", "processID":
        "convert-url", "created": "2024-12-23T20:16:59.785Z", "started": "2024-12-23T20:16:59.785Z",
        "finished": "2024-12-23T20:18:02.469Z", "updated": "2024-12-23T20:18:01.628Z",
        "status": "successful", "message": "ZOO-Kernel successfully run your service!",
        "links": [{"title": "Status location", "rel": "monitor", "type": "application/json",
        "href": "https://test.eodatahub.org.uk/ades/figi44/ogc-api/jobs/dd34e5d6-c16a-11ef-bded-8ef03814f15e"},
        {"title": "Result location", "rel": "http://www.opengis.net/def/rel/ogc/1.0/results",
        "type": "application/json", "href": "https://test.eodatahub.org.uk/ades/figi44/ogc-api/jobs/dd34e5d6-c16a-11ef-bded-8ef03814f15e/results"},
        {"href": "https://test.eodatahub.org.uk/ades/figi44/temp/convert-url-dd34e5d6-c16a-11ef-bded-8ef03814f15e/convert.log",
        "title": "Tool log convert.log", "rel": "related", "type": "text/plain"},
        {"href": "https://test.eodatahub.org.uk/ades/figi44/temp/convert-url-dd34e5d6-c16a-11ef-bded-8ef03814f15e/node_stage_out.log",
        "title": "Tool log node_stage_out.log", "rel": "related", "type": "text/plain"}]},
        {"jobID": "f9a2eba4-c233-11ef-b720-8ef03814f15e", "type": "process", "processID":
        "convert-url", "created": "2024-12-24T20:16:36.404Z", "started": "2024-12-24T20:16:36.404Z",
        "finished": "2024-12-24T20:17:37.715Z", "updated": "2024-12-24T20:17:37.265Z",
        "status": "successful", "message": "ZOO-Kernel successfully run your service!",
        "links": [{"title": "Status location", "rel": "monitor", "type": "application/json",
        "href": "https://test.eodatahub.org.uk/ades/figi44/ogc-api/jobs/f9a2eba4-c233-11ef-b720-8ef03814f15e"},
        {"title": "Result location", "rel": "http://www.opengis.net/def/rel/ogc/1.0/results",
        "type": "application/json", "href": "https://test.eodatahub.org.uk/ades/figi44/ogc-api/jobs/f9a2eba4-c233-11ef-b720-8ef03814f15e/results"},
        {"href": "https://test.eodatahub.org.uk/ades/figi44/temp/convert-url-f9a2eba4-c233-11ef-b720-8ef03814f15e/convert.log",
        "title": "Tool log convert.log", "rel": "related", "type": "text/plain"},
        {"href": "https://test.eodatahub.org.uk/ades/figi44/temp/convert-url-f9a2eba4-c233-11ef-b720-8ef03814f15e/node_stage_out.log",
        "title": "Tool log node_stage_out.log", "rel": "related", "type": "text/plain"}]},
        {"jobID": "2d8847f6-c2fd-11ef-b1ce-8ef03814f15e", "type": "process", "processID":
        "convert-url", "created": "2024-12-25T20:16:52.685Z", "started": "2024-12-25T20:16:52.685Z",
        "finished": "2024-12-25T20:17:53.624Z", "updated": "2024-12-25T20:17:53.203Z",
        "status": "successful", "message": "ZOO-Kernel successfully run your service!",
        "links": [{"title": "Status location", "rel": "monitor", "type": "application/json",
        "href": "https://test.eodatahub.org.uk/ades/figi44/ogc-api/jobs/2d8847f6-c2fd-11ef-b1ce-8ef03814f15e"},
        {"title": "Result location", "rel": "http://www.opengis.net/def/rel/ogc/1.0/results",
        "type": "application/json", "href": "https://test.eodatahub.org.uk/ades/figi44/ogc-api/jobs/2d8847f6-c2fd-11ef-b1ce-8ef03814f15e/results"},
        {"href": "https://test.eodatahub.org.uk/ades/figi44/temp/convert-url-2d8847f6-c2fd-11ef-b1ce-8ef03814f15e/convert.log",
        "title": "Tool log convert.log", "rel": "related", "type": "text/plain"},
        {"href": "https://test.eodatahub.org.uk/ades/figi44/temp/convert-url-2d8847f6-c2fd-11ef-b1ce-8ef03814f15e/node_stage_out.log",
        "title": "Tool log node_stage_out.log", "rel": "related", "type": "text/plain"}]}],
        "links": [{"rel": "self", "type": "application/json", "href": "https://test.eodatahub.org.uk/ades/figi44/ogc-api/jobs"},
        {"rel": "next", "type": "application/json", "href": "https://test.eodatahub.org.uk/ades/figi44/ogc-api/jobs?limit=10&skip=10"}],
        "numberTotal": 10}'
    headers:
      Access-Control-Allow-Headers:
      - Content-Type,Authorization,Prefer
      Access-Control-Allow-Methods:
      - '*'
      Access-Control-Allow-Origin:
      - '*'
      Access-Control-Max-Age:
      - '1728000'
      Connection:
      - keep-alive
      Content-Type:
      - application/json;charset=UTF-8
      Date:
      - Fri, 07 Feb 2025 11:51:44 GMT
      Server:
      - nginx/1.27.0
      Transfer-Encoding:
      - chunked
      Via:
      - 1.1 1f7383179aa19c47a962c46236696426.cloudfront.net (CloudFront)
      X-Amz-Cf-Id:
      - DrrBLxhRRAm9CFEAB0nZC1Zv3LboSPWSYGY40_Pcn-sFcC8Ss1qK5Q==
      X-Amz-Cf-Pop:
      - PRG50-C1
      X-Cache:
      - Miss from cloudfront
      content-encoding:
      - gzip
      vary:
      - accept-encoding
    status:
      code: 200
      message: OK
- request:
    body: null
    headers:
      Accept:
      - '*/*'
      Accept-Encoding:
      - gzip, deflate
      Connection:
      - keep-alive
      User-Agent:
      - python-requests/2.32.3
    method: GET
    uri: https://test.eodatahub.org.uk/ades/figi44/ogc-api/jobs?limit=10&skip=10&limit=10
  response:
    body:
      string: '{"jobs": [{"jobID": "553bacba-c3c6-11ef-a543-8ef03814f15e", "type":
        "process", "processID": "convert-url", "created": "2024-12-26T20:16:47.700Z",
        "started": "2024-12-26T20:16:47.700Z", "finished": "2024-12-26T20:17:48.945Z",
        "updated": "2024-12-26T20:17:48.569Z", "status": "successful", "message":
        "ZOO-Kernel successfully run your service!", "links": [{"title": "Status location",
        "rel": "monitor", "type": "application/json", "href": "https://test.eodatahub.org.uk/ades/figi44/ogc-api/jobs/553bacba-c3c6-11ef-a543-8ef03814f15e"},
        {"title": "Result location", "rel": "http://www.opengis.net/def/rel/ogc/1.0/results",
        "type": "application/json", "href": "https://test.eodatahub.org.uk/ades/figi44/ogc-api/jobs/553bacba-c3c6-11ef-a543-8ef03814f15e/results"},
        {"href": "https://test.eodatahub.org.uk/ades/figi44/temp/convert-url-553bacba-c3c6-11ef-a543-8ef03814f15e/convert.log",
        "title": "Tool log convert.log", "rel": "related", "type": "text/plain"},
        {"href": "https://test.eodatahub.org.uk/ades/figi44/temp/convert-url-553bacba-c3c6-11ef-a543-8ef03814f15e/node_stage_out.log",
        "title": "Tool log node_stage_out.log", "rel": "related", "type": "text/plain"}]},
        {"jobID": "b7238b5a-cad8-11ef-b056-8ef03814f15e", "type": "process", "processID":
        "convert-url", "created": "2025-01-04T20:16:01.102Z", "started": "2025-01-04T20:16:01.102Z",
        "finished": "2025-01-04T20:17:02.799Z", "updated": "2025-01-04T20:17:02.298Z",
        "status": "successful", "message": "ZOO-Kernel successfully run your service!",
        "links": [{"title": "Status location", "rel": "monitor", "type": "application/json",
        "href": "https://test.eodatahub.org.uk/ades/figi44/ogc-api/jobs/b7238b5a-cad8-11ef-b056-8ef03814f15e"},
        {"title": "Result location", "rel": "http://www.opengis.net/def/rel/ogc/1.0/results",
        "type": "application/json", "href": "https://test.eodatahub.org.uk/ades/figi44/ogc-api/jobs/b7238b5a-cad8-11ef-b056-8ef03814f15e/results"},
        {"href": "https://test.eodatahub.org.uk/ades/figi44/temp/convert-url-b7238b5a-cad8-11ef-b056-8ef03814f15e/convert.log",
        "title": "Tool log convert.log", "rel": "related", "type": "text/plain"},
        {"href": "https://test.eodatahub.org.uk/ades/figi44/temp/convert-url-b7238b5a-cad8-11ef-b056-8ef03814f15e/node_stage_out.log",
        "title": "Tool log node_stage_out.log", "rel": "related", "type": "text/plain"}]},
        {"jobID": "a90ce9ae-ca0f-11ef-bd36-8ef03814f15e", "type": "process", "processID":
        "convert-url", "created": "2025-01-03T20:16:48.714Z", "started": "2025-01-03T20:16:48.714Z",
        "finished": "2025-01-03T20:17:51.818Z", "updated": "2025-01-03T20:17:51.384Z",
        "status": "successful", "message": "ZOO-Kernel successfully run your service!",
        "links": [{"title": "Status location", "rel": "monitor", "type": "application/json",
        "href": "https://test.eodatahub.org.uk/ades/figi44/ogc-api/jobs/a90ce9ae-ca0f-11ef-bd36-8ef03814f15e"},
        {"title": "Result location", "rel": "http://www.opengis.net/def/rel/ogc/1.0/results",
        "type": "application/json", "href": "https://test.eodatahub.org.uk/ades/figi44/ogc-api/jobs/a90ce9ae-ca0f-11ef-bd36-8ef03814f15e/results"},
        {"href": "https://test.eodatahub.org.uk/ades/figi44/temp/convert-url-a90ce9ae-ca0f-11ef-bd36-8ef03814f15e/convert.log",
        "title": "Tool log convert.log", "rel": "related", "type": "text/plain"},
        {"href": "https://test.eodatahub.org.uk/ades/figi44/temp/convert-url-a90ce9ae-ca0f-11ef-bd36-8ef03814f15e/node_stage_out.log",
        "title": "Tool log node_stage_out.log", "rel": "related", "type": "text/plain"}]},
        {"jobID": "767a7f68-c48f-11ef-b6a9-8ef03814f15e", "type": "process", "processID":
        "convert-url", "created": "2024-12-27T20:16:32.756Z", "started": "2024-12-27T20:16:32.756Z",
        "finished": "2024-12-27T20:17:33.116Z", "updated": "2024-12-27T20:17:32.661Z",
        "status": "successful", "message": "ZOO-Kernel successfully run your service!",
        "links": [{"title": "Status location", "rel": "monitor", "type": "application/json",
        "href": "https://test.eodatahub.org.uk/ades/figi44/ogc-api/jobs/767a7f68-c48f-11ef-b6a9-8ef03814f15e"},
        {"title": "Result location", "rel": "http://www.opengis.net/def/rel/ogc/1.0/results",
        "type": "application/json", "href": "https://test.eodatahub.org.uk/ades/figi44/ogc-api/jobs/767a7f68-c48f-11ef-b6a9-8ef03814f15e/results"},
        {"href": "https://test.eodatahub.org.uk/ades/figi44/temp/convert-url-767a7f68-c48f-11ef-b6a9-8ef03814f15e/convert.log",
        "title": "Tool log convert.log", "rel": "related", "type": "text/plain"},
        {"href": "https://test.eodatahub.org.uk/ades/figi44/temp/convert-url-767a7f68-c48f-11ef-b6a9-8ef03814f15e/node_stage_out.log",
        "title": "Tool log node_stage_out.log", "rel": "related", "type": "text/plain"}]},
        {"jobID": "82735248-c946-11ef-a1d7-8ef03814f15e", "type": "process", "processID":
        "convert-url", "created": "2025-01-02T20:16:55.105Z", "started": "2025-01-02T20:16:55.105Z",
        "finished": "2025-01-02T20:17:56.674Z", "updated": "2025-01-02T20:17:56.207Z",
        "status": "successful", "message": "ZOO-Kernel successfully run your service!",
        "links": [{"title": "Status location", "rel": "monitor", "type": "application/json",
        "href": "https://test.eodatahub.org.uk/ades/figi44/ogc-api/jobs/82735248-c946-11ef-a1d7-8ef03814f15e"},
        {"title": "Result location", "rel": "http://www.opengis.net/def/rel/ogc/1.0/results",
        "type": "application/json", "href": "https://test.eodatahub.org.uk/ades/figi44/ogc-api/jobs/82735248-c946-11ef-a1d7-8ef03814f15e/results"},
        {"href": "https://test.eodatahub.org.uk/ades/figi44/temp/convert-url-82735248-c946-11ef-a1d7-8ef03814f15e/convert.log",
        "title": "Tool log convert.log", "rel": "related", "type": "text/plain"},
        {"href": "https://test.eodatahub.org.uk/ades/figi44/temp/convert-url-82735248-c946-11ef-a1d7-8ef03814f15e/node_stage_out.log",
        "title": "Tool log node_stage_out.log", "rel": "related", "type": "text/plain"}]},
        {"jobID": "c14e51b6-c621-11ef-8931-8ef03814f15e", "type": "process", "processID":
        "convert-url", "created": "2024-12-29T20:16:15.597Z", "started": "2024-12-29T20:16:15.597Z",
        "finished": "2024-12-29T20:17:18.117Z", "updated": "2024-12-29T20:17:17.734Z",
        "status": "successful", "message": "ZOO-Kernel successfully run your service!",
        "links": [{"title": "Status location", "rel": "monitor", "type": "application/json",
        "href": "https://test.eodatahub.org.uk/ades/figi44/ogc-api/jobs/c14e51b6-c621-11ef-8931-8ef03814f15e"},
        {"title": "Result location", "rel": "http://www.opengis.net/def/rel/ogc/1.0/results",
        "type": "application/json", "href": "https://test.eodatahub.org.uk/ades/figi44/ogc-api/jobs/c14e51b6-c621-11ef-8931-8ef03814f15e/results"},
        {"href": "https://test.eodatahub.org.uk/ades/figi44/temp/convert-url-c14e51b6-c621-11ef-8931-8ef03814f15e/convert.log",
        "title": "Tool log convert.log", "rel": "related", "type": "text/plain"},
        {"href": "https://test.eodatahub.org.uk/ades/figi44/temp/convert-url-c14e51b6-c621-11ef-8931-8ef03814f15e/node_stage_out.log",
        "title": "Tool log node_stage_out.log", "rel": "related", "type": "text/plain"}]},
        {"jobID": "047246b8-c6eb-11ef-b6c8-8ef03814f15e", "type": "process", "processID":
        "convert-url", "created": "2024-12-30T20:16:57.098Z", "started": "2024-12-30T20:16:57.098Z",
        "finished": "2024-12-30T20:17:57.329Z", "updated": "2024-12-30T20:17:56.926Z",
        "status": "successful", "message": "ZOO-Kernel successfully run your service!",
        "links": [{"title": "Status location", "rel": "monitor", "type": "application/json",
        "href": "https://test.eodatahub.org.uk/ades/figi44/ogc-api/jobs/047246b8-c6eb-11ef-b6c8-8ef03814f15e"},
        {"title": "Result location", "rel": "http://www.opengis.net/def/rel/ogc/1.0/results",
        "type": "application/json", "href": "https://test.eodatahub.org.uk/ades/figi44/ogc-api/jobs/047246b8-c6eb-11ef-b6c8-8ef03814f15e/results"},
        {"href": "https://test.eodatahub.org.uk/ades/figi44/temp/convert-url-047246b8-c6eb-11ef-b6c8-8ef03814f15e/convert.log",
        "title": "Tool log convert.log", "rel": "related", "type": "text/plain"},
        {"href": "https://test.eodatahub.org.uk/ades/figi44/temp/convert-url-047246b8-c6eb-11ef-b6c8-8ef03814f15e/node_stage_out.log",
        "title": "Tool log node_stage_out.log", "rel": "related", "type": "text/plain"}]},
        {"jobID": "89a713d4-c558-11ef-a1f5-8ef03814f15e", "type": "process", "processID":
        "convert-url", "created": "2024-12-28T20:15:53.584Z", "started": "2024-12-28T20:15:53.584Z",
        "finished": "2024-12-28T20:16:55.787Z", "updated": "2024-12-28T20:16:55.254Z",
        "status": "successful", "message": "ZOO-Kernel successfully run your service!",
        "links": [{"title": "Status location", "rel": "monitor", "type": "application/json",
        "href": "https://test.eodatahub.org.uk/ades/figi44/ogc-api/jobs/89a713d4-c558-11ef-a1f5-8ef03814f15e"},
        {"title": "Result location", "rel": "http://www.opengis.net/def/rel/ogc/1.0/results",
        "type": "application/json", "href": "https://test.eodatahub.org.uk/ades/figi44/ogc-api/jobs/89a713d4-c558-11ef-a1f5-8ef03814f15e/results"},
        {"href": "https://test.eodatahub.org.uk/ades/figi44/temp/convert-url-89a713d4-c558-11ef-a1f5-8ef03814f15e/convert.log",
        "title": "Tool log convert.log", "rel": "related", "type": "text/plain"},
        {"href": "https://test.eodatahub.org.uk/ades/figi44/temp/convert-url-89a713d4-c558-11ef-a1f5-8ef03814f15e/node_stage_out.log",
        "title": "Tool log node_stage_out.log", "rel": "related", "type": "text/plain"}]},
        {"jobID": "693364ec-cce5-11ef-a16b-8ef03814f15e", "type": "process", "processID":
        "cloud-free-best-pixel-h", "created": "2025-01-07T10:51:56.406Z", "started":
        "2025-01-07T10:51:56.406Z", "finished": "2025-01-07T10:53:55.067Z", "updated":
        "2025-01-07T10:53:44.172Z", "status": "failed", "message": "Unable to run
        the Service. The message returned back by the Service was the following: Exception
        during execution...\nTraceback (most recent call last):\n  File \"/opt/zooservices_user/figi44/cloud-free-best-pixel-h/service.py\",
        line 503, in cloud_free_best_pixel_h\n    exit_status = runner.execute()\n  File
        \"/usr/local/lib/python3.8/dist-packages/zoo_calrissian_runner/__init__.py\",
        line 495, in execute\n    output = self.execution.get_output()\n  File \"/usr/local/lib/python3.8/dist-packages/pycalrissian-0.7.0-py3.8.egg/pycalrissian/execution.py\",
        line 84, in get_output\n    return json.load(staged_file)\n  File \"/usr/lib/python3.8/json/__init__.py\",
        line 293, in load\n    return loads(fp.read(),\n  File \"/usr/lib/python3.8/json/__init__.py\",
        line 357, in loads\n    return _default_decoder.decode(s)\n  File \"/usr/lib/python3.8/json/decoder.py\",
        line 337, in decode\n    obj, end = self.raw_decode(s, idx=_w(s, 0).end())\n  File
        \"/usr/lib/python3.8/json/decoder.py\", line 355, in raw_decode\n    raise
        JSONDecodeError(\"Expecting value\", s, err.value) from None\njson.decoder.JSONDecodeError:
        Expecting value: line 1 column 1 (char 0)\n\n", "links": [{"title": "Status
        location", "rel": "monitor", "type": "application/json", "href": "https://test.eodatahub.org.uk/ades/figi44/ogc-api/jobs/693364ec-cce5-11ef-a16b-8ef03814f15e"}]},
        {"jobID": "e6259f32-cba1-11ef-8df7-8ef03814f15e", "type": "process", "processID":
        "convert-url", "created": "2025-01-05T20:16:08.793Z", "started": "2025-01-05T20:16:08.793Z",
        "finished": "2025-01-05T20:17:11.212Z", "updated": "2025-01-05T20:17:10.729Z",
        "status": "successful", "message": "ZOO-Kernel successfully run your service!",
        "links": [{"title": "Status location", "rel": "monitor", "type": "application/json",
        "href": "https://test.eodatahub.org.uk/ades/figi44/ogc-api/jobs/e6259f32-cba1-11ef-8df7-8ef03814f15e"},
        {"title": "Result location", "rel": "http://www.opengis.net/def/rel/ogc/1.0/results",
        "type": "application/json", "href": "https://test.eodatahub.org.uk/ades/figi44/ogc-api/jobs/e6259f32-cba1-11ef-8df7-8ef03814f15e/results"},
        {"href": "https://test.eodatahub.org.uk/ades/figi44/temp/convert-url-e6259f32-cba1-11ef-8df7-8ef03814f15e/convert.log",
        "title": "Tool log convert.log", "rel": "related", "type": "text/plain"},
        {"href": "https://test.eodatahub.org.uk/ades/figi44/temp/convert-url-e6259f32-cba1-11ef-8df7-8ef03814f15e/node_stage_out.log",
        "title": "Tool log node_stage_out.log", "rel": "related", "type": "text/plain"}]}],
        "links": [{"rel": "self", "type": "application/json", "href": "https://test.eodatahub.org.uk/ades/figi44/ogc-api/jobs"},
        {"rel": "prev", "type": "application/json", "href": "https://test.eodatahub.org.uk/ades/figi44/ogc-api/jobs?limit=10&skip=0"},
        {"rel": "next", "type": "application/json", "href": "https://test.eodatahub.org.uk/ades/figi44/ogc-api/jobs?limit=10&skip=20"}],
        "numberTotal": 10}'
    headers:
      Access-Control-Allow-Headers:
      - Content-Type,Authorization,Prefer
      Access-Control-Allow-Methods:
      - '*'
      Access-Control-Allow-Origin:
      - '*'
      Access-Control-Max-Age:
      - '1728000'
      Connection:
      - keep-alive
      Content-Type:
      - application/json;charset=UTF-8
      Date:
      - Fri, 07 Feb 2025 11:51:46 GMT
      Server:
      - nginx/1.27.0
      Transfer-Encoding:
      - chunked
      Via:
      - 1.1 a1c66294cb416b399374a845b97656d2.cloudfront.net (CloudFront)
      X-Amz-Cf-Id:
      - AqN6wj2fpx_ovzJsYw4s3rUMCmutCpEr-96PtKYZEXTBLPv6aGmr_g==
      X-Amz-Cf-Pop:
      - PRG50-C1
      X-Cache:
      - Miss from cloudfront
      content-encoding:
      - gzip
      vary:
      - accept-encoding
    status:
      code: 200
      message: OK
- request:
    body: null
    headers:
      Accept:
      - '*/*'
      Accept-Encoding:
      - gzip, deflate
      Connection:
      - keep-alive
      User-Agent:
      - python-requests/2.32.3
    method: GET
    uri: https://test.eodatahub.org.uk/ades/figi44/ogc-api/jobs?limit=10&skip=20&limit=10
  response:
    body:
      string: '{"jobs": [{"jobID": "201debaa-c7b4-11ef-acc3-8ef03814f15e", "type":
        "process", "processID": "convert-url", "created": "2024-12-31T20:16:32.798Z",
        "started": "2024-12-31T20:16:32.798Z", "finished": "2024-12-31T20:17:33.804Z",
        "updated": "2024-12-31T20:17:33.357Z", "status": "successful", "message":
        "ZOO-Kernel successfully run your service!", "links": [{"title": "Status location",
        "rel": "monitor", "type": "application/json", "href": "https://test.eodatahub.org.uk/ades/figi44/ogc-api/jobs/201debaa-c7b4-11ef-acc3-8ef03814f15e"},
        {"title": "Result location", "rel": "http://www.opengis.net/def/rel/ogc/1.0/results",
        "type": "application/json", "href": "https://test.eodatahub.org.uk/ades/figi44/ogc-api/jobs/201debaa-c7b4-11ef-acc3-8ef03814f15e/results"},
        {"href": "https://test.eodatahub.org.uk/ades/figi44/temp/convert-url-201debaa-c7b4-11ef-acc3-8ef03814f15e/convert.log",
        "title": "Tool log convert.log", "rel": "related", "type": "text/plain"},
        {"href": "https://test.eodatahub.org.uk/ades/figi44/temp/convert-url-201debaa-c7b4-11ef-acc3-8ef03814f15e/node_stage_out.log",
        "title": "Tool log node_stage_out.log", "rel": "related", "type": "text/plain"}]},
        {"jobID": "57c70a68-c87d-11ef-a75c-8ef03814f15e", "type": "process", "processID":
        "convert-url", "created": "2025-01-01T20:16:54.607Z", "started": "2025-01-01T20:16:54.607Z",
        "finished": "2025-01-01T20:17:56.981Z", "updated": "2025-01-01T20:17:56.558Z",
        "status": "successful", "message": "ZOO-Kernel successfully run your service!",
        "links": [{"title": "Status location", "rel": "monitor", "type": "application/json",
        "href": "https://test.eodatahub.org.uk/ades/figi44/ogc-api/jobs/57c70a68-c87d-11ef-a75c-8ef03814f15e"},
        {"title": "Result location", "rel": "http://www.opengis.net/def/rel/ogc/1.0/results",
        "type": "application/json", "href": "https://test.eodatahub.org.uk/ades/figi44/ogc-api/jobs/57c70a68-c87d-11ef-a75c-8ef03814f15e/results"},
        {"href": "https://test.eodatahub.org.uk/ades/figi44/temp/convert-url-57c70a68-c87d-11ef-a75c-8ef03814f15e/convert.log",
        "title": "Tool log convert.log", "rel": "related", "type": "text/plain"},
        {"href": "https://test.eodatahub.org.uk/ades/figi44/temp/convert-url-57c70a68-c87d-11ef-a75c-8ef03814f15e/node_stage_out.log",
        "title": "Tool log node_stage_out.log", "rel": "related", "type": "text/plain"}]},
        {"jobID": "00640fa4-cc6b-11ef-abc1-8ef03814f15e", "type": "process", "processID":
        "convert-url", "created": "2025-01-06T20:15:41.704Z", "started": "2025-01-06T20:15:41.704Z",
        "finished": "2025-01-06T20:16:45.802Z", "updated": "2025-01-06T20:16:45.310Z",
        "status": "successful", "message": "ZOO-Kernel successfully run your service!",
        "links": [{"title": "Status location", "rel": "monitor", "type": "application/json",
        "href": "https://test.eodatahub.org.uk/ades/figi44/ogc-api/jobs/00640fa4-cc6b-11ef-abc1-8ef03814f15e"},
        {"title": "Result location", "rel": "http://www.opengis.net/def/rel/ogc/1.0/results",
        "type": "application/json", "href": "https://test.eodatahub.org.uk/ades/figi44/ogc-api/jobs/00640fa4-cc6b-11ef-abc1-8ef03814f15e/results"},
        {"href": "https://test.eodatahub.org.uk/ades/figi44/temp/convert-url-00640fa4-cc6b-11ef-abc1-8ef03814f15e/convert.log",
        "title": "Tool log convert.log", "rel": "related", "type": "text/plain"},
        {"href": "https://test.eodatahub.org.uk/ades/figi44/temp/convert-url-00640fa4-cc6b-11ef-abc1-8ef03814f15e/node_stage_out.log",
        "title": "Tool log node_stage_out.log", "rel": "related", "type": "text/plain"}]},
        {"jobID": "f7f96c5e-cce4-11ef-bc59-8ef03814f15e", "type": "process", "processID":
        "cloud-free-best-pixel-g", "created": "2025-01-07T10:48:46.302Z", "started":
        "2025-01-07T10:48:46.302Z", "finished": "2025-01-07T10:50:43.997Z", "updated":
        "2025-01-07T10:50:34.324Z", "status": "failed", "message": "Unable to run
        the Service. The message returned back by the Service was the following: Exception
        during execution...\nTraceback (most recent call last):\n  File \"/opt/zooservices_user/figi44/cloud-free-best-pixel-g/service.py\",
        line 503, in cloud_free_best_pixel_g\n    exit_status = runner.execute()\n  File
        \"/usr/local/lib/python3.8/dist-packages/zoo_calrissian_runner/__init__.py\",
        line 495, in execute\n    output = self.execution.get_output()\n  File \"/usr/local/lib/python3.8/dist-packages/pycalrissian-0.7.0-py3.8.egg/pycalrissian/execution.py\",
        line 84, in get_output\n    return json.load(staged_file)\n  File \"/usr/lib/python3.8/json/__init__.py\",
        line 293, in load\n    return loads(fp.read(),\n  File \"/usr/lib/python3.8/json/__init__.py\",
        line 357, in loads\n    return _default_decoder.decode(s)\n  File \"/usr/lib/python3.8/json/decoder.py\",
        line 337, in decode\n    obj, end = self.raw_decode(s, idx=_w(s, 0).end())\n  File
        \"/usr/lib/python3.8/json/decoder.py\", line 355, in raw_decode\n    raise
        JSONDecodeError(\"Expecting value\", s, err.value) from None\njson.decoder.JSONDecodeError:
        Expecting value: line 1 column 1 (char 0)\n\n", "links": [{"title": "Status
        location", "rel": "monitor", "type": "application/json", "href": "https://test.eodatahub.org.uk/ades/figi44/ogc-api/jobs/f7f96c5e-cce4-11ef-bc59-8ef03814f15e"}]},
        {"jobID": "9e92d0ac-cced-11ef-ac27-8ef03814f15e", "type": "process", "processID":
        "cloud-free-best-pixel-h", "created": "2025-01-07T11:50:41.808Z", "started":
        "2025-01-07T11:50:41.808Z", "finished": "2025-01-07T12:06:52.985Z", "updated":
        "2025-01-07T12:06:52.542Z", "status": "failed", "message": "Unable to run
        the Service. The message returned back by the Service was the following: Execution
        failed", "links": [{"title": "Status location", "rel": "monitor", "type":
        "application/json", "href": "https://test.eodatahub.org.uk/ades/figi44/ogc-api/jobs/9e92d0ac-cced-11ef-ac27-8ef03814f15e"},
        {"href": "https://test.eodatahub.org.uk/ades/figi44/temp/cloud-free-best-pixel-h-9e92d0ac-cced-11ef-ac27-8ef03814f15e/s2_search.log",
        "title": "Tool log s2_search.log", "rel": "related", "type": "text/plain"},
        {"href": "https://test.eodatahub.org.uk/ades/figi44/temp/cloud-free-best-pixel-h-9e92d0ac-cced-11ef-ac27-8ef03814f15e/s2_rm_cloud.log",
        "title": "Tool log s2_rm_cloud.log", "rel": "related", "type": "text/plain"}]},
        {"jobID": "003195cc-cdc1-11ef-8df2-8ef03814f15e", "type": "process", "processID":
        "cloud-free-best-pixel-h", "created": "2025-01-08T13:03:49.500Z", "started":
        "2025-01-08T13:03:49.500Z", "finished": "2025-01-08T13:23:06.105Z", "updated":
        "2025-01-08T13:23:05.612Z", "status": "failed", "message": "Unable to run
        the Service. The message returned back by the Service was the following: Execution
        failed", "links": [{"title": "Status location", "rel": "monitor", "type":
        "application/json", "href": "https://test.eodatahub.org.uk/ades/figi44/ogc-api/jobs/003195cc-cdc1-11ef-8df2-8ef03814f15e"},
        {"href": "https://test.eodatahub.org.uk/ades/figi44/temp/cloud-free-best-pixel-h-003195cc-cdc1-11ef-8df2-8ef03814f15e/s2_search.log",
        "title": "Tool log s2_search.log", "rel": "related", "type": "text/plain"},
        {"href": "https://test.eodatahub.org.uk/ades/figi44/temp/cloud-free-best-pixel-h-003195cc-cdc1-11ef-8df2-8ef03814f15e/s2_rm_cloud.log",
        "title": "Tool log s2_rm_cloud.log", "rel": "related", "type": "text/plain"}]},
        {"jobID": "949ff35a-cdc8-11ef-98b2-8ef03814f15e", "type": "process", "processID":
        "cloud-free-best-pixel-h", "created": "2025-01-08T13:58:05.018Z", "started":
        "2025-01-08T13:58:05.018Z", "finished": "2025-01-08T14:15:50.031Z", "updated":
        "2025-01-08T14:15:49.580Z", "status": "failed", "message": "Unable to run
        the Service. The message returned back by the Service was the following: Execution
        failed", "links": [{"title": "Status location", "rel": "monitor", "type":
        "application/json", "href": "https://test.eodatahub.org.uk/ades/figi44/ogc-api/jobs/949ff35a-cdc8-11ef-98b2-8ef03814f15e"},
        {"href": "https://test.eodatahub.org.uk/ades/figi44/temp/cloud-free-best-pixel-h-949ff35a-cdc8-11ef-98b2-8ef03814f15e/s2_search.log",
        "title": "Tool log s2_search.log", "rel": "related", "type": "text/plain"},
        {"href": "https://test.eodatahub.org.uk/ades/figi44/temp/cloud-free-best-pixel-h-949ff35a-cdc8-11ef-98b2-8ef03814f15e/s2_rm_cloud.log",
        "title": "Tool log s2_rm_cloud.log", "rel": "related", "type": "text/plain"}]},
        {"jobID": "65b7c4ee-cd34-11ef-85de-8ef03814f15e", "type": "process", "processID":
        "convert-url", "created": "2025-01-07T20:17:20.688Z", "started": "2025-01-07T20:17:20.688Z",
        "finished": "2025-01-07T20:18:23.575Z", "updated": "2025-01-07T20:18:23.177Z",
        "status": "successful", "message": "ZOO-Kernel successfully run your service!",
        "links": [{"title": "Status location", "rel": "monitor", "type": "application/json",
        "href": "https://test.eodatahub.org.uk/ades/figi44/ogc-api/jobs/65b7c4ee-cd34-11ef-85de-8ef03814f15e"},
        {"title": "Result location", "rel": "http://www.opengis.net/def/rel/ogc/1.0/results",
        "type": "application/json", "href": "https://test.eodatahub.org.uk/ades/figi44/ogc-api/jobs/65b7c4ee-cd34-11ef-85de-8ef03814f15e/results"},
        {"href": "https://test.eodatahub.org.uk/ades/figi44/temp/convert-url-65b7c4ee-cd34-11ef-85de-8ef03814f15e/convert.log",
        "title": "Tool log convert.log", "rel": "related", "type": "text/plain"},
        {"href": "https://test.eodatahub.org.uk/ades/figi44/temp/convert-url-65b7c4ee-cd34-11ef-85de-8ef03814f15e/node_stage_out.log",
        "title": "Tool log node_stage_out.log", "rel": "related", "type": "text/plain"}]},
        {"jobID": "f1896592-cda0-11ef-811f-8ef03814f15e", "type": "process", "processID":
        "cloud-free-best-pixel-h", "created": "2025-01-08T09:14:20.885Z", "started":
        "2025-01-08T09:14:20.885Z", "finished": "2025-01-08T09:53:23.000Z", "updated":
        "2025-01-08T09:53:22.630Z", "status": "failed", "message": "Unable to run
        the Service. The message returned back by the Service was the following: Execution
        failed", "links": [{"title": "Status location", "rel": "monitor", "type":
        "application/json", "href": "https://test.eodatahub.org.uk/ades/figi44/ogc-api/jobs/f1896592-cda0-11ef-811f-8ef03814f15e"},
        {"href": "https://test.eodatahub.org.uk/ades/figi44/temp/cloud-free-best-pixel-h-f1896592-cda0-11ef-811f-8ef03814f15e/s2_search.log",
        "title": "Tool log s2_search.log", "rel": "related", "type": "text/plain"},
        {"href": "https://test.eodatahub.org.uk/ades/figi44/temp/cloud-free-best-pixel-h-f1896592-cda0-11ef-811f-8ef03814f15e/s2_rm_cloud.log",
        "title": "Tool log s2_rm_cloud.log", "rel": "related", "type": "text/plain"}]},
        {"jobID": "998dae40-cdfd-11ef-a403-8ef03814f15e", "type": "process", "processID":
        "convert-url", "created": "2025-01-08T20:17:36.299Z", "started": "2025-01-08T20:17:36.299Z",
        "finished": "2025-01-08T20:18:38.934Z", "updated": "2025-01-08T20:18:38.501Z",
        "status": "successful", "message": "ZOO-Kernel successfully run your service!",
        "links": [{"title": "Status location", "rel": "monitor", "type": "application/json",
        "href": "https://test.eodatahub.org.uk/ades/figi44/ogc-api/jobs/998dae40-cdfd-11ef-a403-8ef03814f15e"},
        {"title": "Result location", "rel": "http://www.opengis.net/def/rel/ogc/1.0/results",
        "type": "application/json", "href": "https://test.eodatahub.org.uk/ades/figi44/ogc-api/jobs/998dae40-cdfd-11ef-a403-8ef03814f15e/results"},
        {"href": "https://test.eodatahub.org.uk/ades/figi44/temp/convert-url-998dae40-cdfd-11ef-a403-8ef03814f15e/convert.log",
        "title": "Tool log convert.log", "rel": "related", "type": "text/plain"},
        {"href": "https://test.eodatahub.org.uk/ades/figi44/temp/convert-url-998dae40-cdfd-11ef-a403-8ef03814f15e/node_stage_out.log",
        "title": "Tool log node_stage_out.log", "rel": "related", "type": "text/plain"}]}],
        "links": [{"rel": "self", "type": "application/json", "href": "https://test.eodatahub.org.uk/ades/figi44/ogc-api/jobs"},
        {"rel": "prev", "type": "application/json", "href": "https://test.eodatahub.org.uk/ades/figi44/ogc-api/jobs?limit=10&skip=10"},
        {"rel": "next", "type": "application/json", "href": "https://test.eodatahub.org.uk/ades/figi44/ogc-api/jobs?limit=10&skip=30"}],
        "numberTotal": 10}'
    headers:
      Access-Control-Allow-Headers:
      - Content-Type,Authorization,Prefer
      Access-Control-Allow-Methods:
      - '*'
      Access-Control-Allow-Origin:
      - '*'
      Access-Control-Max-Age:
      - '1728000'
      Connection:
      - keep-alive
      Content-Type:
      - application/json;charset=UTF-8
      Date:
      - Fri, 07 Feb 2025 11:51:48 GMT
      Server:
      - nginx/1.27.0
      Transfer-Encoding:
      - chunked
      Via:
      - 1.1 7df0d6b4ce8f8b155434dd5d830b76be.cloudfront.net (CloudFront)
      X-Amz-Cf-Id:
      - YSwXLfKSSr5Q1g5wCHT2krIOwTIjepqKTr8hFOqooBiCn1SUwAY71w==
      X-Amz-Cf-Pop:
      - PRG50-C1
      X-Cache:
      - Miss from cloudfront
      content-encoding:
      - gzip
      vary:
      - accept-encoding
    status:
      code: 200
      message: OK
- request:
    body: null
    headers:
      Accept:
      - '*/*'
      Accept-Encoding:
      - gzip, deflate
      Connection:
      - keep-alive
      User-Agent:
      - python-requests/2.32.3
    method: GET
    uri: https://test.eodatahub.org.uk/ades/figi44/ogc-api/jobs?limit=10&skip=30&limit=10
  response:
    body:
      string: '{"jobs": [{"jobID": "d1a2dbec-cf4d-11ef-90a5-8ef03814f15e", "type":
        "process", "processID": "s1-coherence-b", "created": "2025-01-10T12:24:21.490Z",
        "started": "2025-01-10T12:24:21.490Z", "finished": "2025-01-10T12:51:48.471Z",
        "updated": "2025-01-10T12:51:48.007Z", "status": "successful", "message":
        "ZOO-Kernel successfully run your service!", "links": [{"title": "Status location",
        "rel": "monitor", "type": "application/json", "href": "https://test.eodatahub.org.uk/ades/figi44/ogc-api/jobs/d1a2dbec-cf4d-11ef-90a5-8ef03814f15e"},
        {"title": "Result location", "rel": "http://www.opengis.net/def/rel/ogc/1.0/results",
        "type": "application/json", "href": "https://test.eodatahub.org.uk/ades/figi44/ogc-api/jobs/d1a2dbec-cf4d-11ef-90a5-8ef03814f15e/results"},
        {"href": "https://test.eodatahub.org.uk/ades/figi44/temp/s1-coherence-b-d1a2dbec-cf4d-11ef-90a5-8ef03814f15e/s1_search.log",
        "title": "Tool log s1_search.log", "rel": "related", "type": "text/plain"},
        {"href": "https://test.eodatahub.org.uk/ades/figi44/temp/s1-coherence-b-d1a2dbec-cf4d-11ef-90a5-8ef03814f15e/s1_process.log",
        "title": "Tool log s1_process.log", "rel": "related", "type": "text/plain"},
        {"href": "https://test.eodatahub.org.uk/ades/figi44/temp/s1-coherence-b-d1a2dbec-cf4d-11ef-90a5-8ef03814f15e/s1_make_stac.log",
        "title": "Tool log s1_make_stac.log", "rel": "related", "type": "text/plain"},
        {"href": "https://test.eodatahub.org.uk/ades/figi44/temp/s1-coherence-b-d1a2dbec-cf4d-11ef-90a5-8ef03814f15e/node_stage_out.log",
        "title": "Tool log node_stage_out.log", "rel": "related", "type": "text/plain"}]},
        {"jobID": "1e01cb24-cf71-11ef-a0f5-8ef03814f15e", "type": "process", "processID":
        "s1-coherence-c", "created": "2025-01-10T16:37:02.594Z", "started": "2025-01-10T16:37:02.594Z",
        "finished": "2025-01-10T17:06:01.033Z", "updated": "2025-01-10T17:06:00.669Z",
        "status": "successful", "message": "ZOO-Kernel successfully run your service!",
        "links": [{"title": "Status location", "rel": "monitor", "type": "application/json",
        "href": "https://test.eodatahub.org.uk/ades/figi44/ogc-api/jobs/1e01cb24-cf71-11ef-a0f5-8ef03814f15e"},
        {"title": "Result location", "rel": "http://www.opengis.net/def/rel/ogc/1.0/results",
        "type": "application/json", "href": "https://test.eodatahub.org.uk/ades/figi44/ogc-api/jobs/1e01cb24-cf71-11ef-a0f5-8ef03814f15e/results"},
        {"href": "https://test.eodatahub.org.uk/ades/figi44/temp/s1-coherence-c-1e01cb24-cf71-11ef-a0f5-8ef03814f15e/s1_search.log",
        "title": "Tool log s1_search.log", "rel": "related", "type": "text/plain"},
        {"href": "https://test.eodatahub.org.uk/ades/figi44/temp/s1-coherence-c-1e01cb24-cf71-11ef-a0f5-8ef03814f15e/s1_process.log",
        "title": "Tool log s1_process.log", "rel": "related", "type": "text/plain"},
        {"href": "https://test.eodatahub.org.uk/ades/figi44/temp/s1-coherence-c-1e01cb24-cf71-11ef-a0f5-8ef03814f15e/s1_make_stac.log",
        "title": "Tool log s1_make_stac.log", "rel": "related", "type": "text/plain"},
        {"href": "https://test.eodatahub.org.uk/ades/figi44/temp/s1-coherence-c-1e01cb24-cf71-11ef-a0f5-8ef03814f15e/node_stage_out.log",
        "title": "Tool log node_stage_out.log", "rel": "related", "type": "text/plain"}]},
        {"jobID": "594c6c96-cf4b-11ef-b930-8ef03814f15e", "type": "process", "processID":
        "s1-coherence-a", "created": "2025-01-10T12:06:40.791Z", "started": "2025-01-10T12:06:40.791Z",
        "finished": "2025-01-10T12:08:08.204Z", "updated": "2025-01-10T12:07:58.542Z",
        "status": "failed", "message": "Unable to run the Service. The message returned
        back by the Service was the following: Exception during execution...\nTraceback
        (most recent call last):\n  File \"/opt/zooservices_user/figi44/s1-coherence-a/service.py\",
        line 503, in s1_coherence_a\n    exit_status = runner.execute()\n  File \"/usr/local/lib/python3.8/dist-packages/zoo_calrissian_runner/__init__.py\",
        line 495, in execute\n    output = self.execution.get_output()\n  File \"/usr/local/lib/python3.8/dist-packages/pycalrissian-0.7.0-py3.8.egg/pycalrissian/execution.py\",
        line 84, in get_output\n    return json.load(staged_file)\n  File \"/usr/lib/python3.8/json/__init__.py\",
        line 293, in load\n    return loads(fp.read(),\n  File \"/usr/lib/python3.8/json/__init__.py\",
        line 357, in loads\n    return _default_decoder.decode(s)\n  File \"/usr/lib/python3.8/json/decoder.py\",
        line 337, in decode\n    obj, end = self.raw_decode(s, idx=_w(s, 0).end())\n  File
        \"/usr/lib/python3.8/json/decoder.py\", line 355, in raw_decode\n    raise
        JSONDecodeError(\"Expecting value\", s, err.value) from None\njson.decoder.JSONDecodeError:
        Expecting value: line 1 column 1 (char 0)\n\n", "links": [{"title": "Status
        location", "rel": "monitor", "type": "application/json", "href": "https://test.eodatahub.org.uk/ades/figi44/ogc-api/jobs/594c6c96-cf4b-11ef-b930-8ef03814f15e"},
        {"href": "https://test.eodatahub.org.uk/ades/figi44/temp/s1-coherence-a-594c6c96-cf4b-11ef-b930-8ef03814f15e/s1_search.log",
        "title": "Tool log s1_search.log", "rel": "related", "type": "text/plain"}]},
        {"jobID": "4570aaf0-cf98-11ef-aa98-8ef03814f15e", "type": "process", "processID":
        "s1-coherence-d", "created": "2025-01-10T21:17:18.398Z", "started": "2025-01-10T21:17:18.398Z",
        "finished": "2025-01-10T21:46:16.654Z", "updated": "2025-01-10T21:46:16.280Z",
        "status": "successful", "message": "ZOO-Kernel successfully run your service!",
        "links": [{"title": "Status location", "rel": "monitor", "type": "application/json",
        "href": "https://test.eodatahub.org.uk/ades/figi44/ogc-api/jobs/4570aaf0-cf98-11ef-aa98-8ef03814f15e"},
        {"title": "Result location", "rel": "http://www.opengis.net/def/rel/ogc/1.0/results",
        "type": "application/json", "href": "https://test.eodatahub.org.uk/ades/figi44/ogc-api/jobs/4570aaf0-cf98-11ef-aa98-8ef03814f15e/results"},
        {"href": "https://test.eodatahub.org.uk/ades/figi44/temp/s1-coherence-d-4570aaf0-cf98-11ef-aa98-8ef03814f15e/s1_search.log",
        "title": "Tool log s1_search.log", "rel": "related", "type": "text/plain"},
        {"href": "https://test.eodatahub.org.uk/ades/figi44/temp/s1-coherence-d-4570aaf0-cf98-11ef-aa98-8ef03814f15e/s1_process.log",
        "title": "Tool log s1_process.log", "rel": "related", "type": "text/plain"},
        {"href": "https://test.eodatahub.org.uk/ades/figi44/temp/s1-coherence-d-4570aaf0-cf98-11ef-aa98-8ef03814f15e/s1_make_stac.log",
        "title": "Tool log s1_make_stac.log", "rel": "related", "type": "text/plain"},
        {"href": "https://test.eodatahub.org.uk/ades/figi44/temp/s1-coherence-d-4570aaf0-cf98-11ef-aa98-8ef03814f15e/node_stage_out.log",
        "title": "Tool log node_stage_out.log", "rel": "related", "type": "text/plain"}]},
        {"jobID": "c667c832-cec6-11ef-ad18-8ef03814f15e", "type": "process", "processID":
        "convert-url", "created": "2025-01-09T20:17:40.507Z", "started": "2025-01-09T20:17:40.507Z",
        "finished": "2025-01-09T20:18:42.929Z", "updated": "2025-01-09T20:18:42.559Z",
        "status": "successful", "message": "ZOO-Kernel successfully run your service!",
        "links": [{"title": "Status location", "rel": "monitor", "type": "application/json",
        "href": "https://test.eodatahub.org.uk/ades/figi44/ogc-api/jobs/c667c832-cec6-11ef-ad18-8ef03814f15e"},
        {"title": "Result location", "rel": "http://www.opengis.net/def/rel/ogc/1.0/results",
        "type": "application/json", "href": "https://test.eodatahub.org.uk/ades/figi44/ogc-api/jobs/c667c832-cec6-11ef-ad18-8ef03814f15e/results"},
        {"href": "https://test.eodatahub.org.uk/ades/figi44/temp/convert-url-c667c832-cec6-11ef-ad18-8ef03814f15e/convert.log",
        "title": "Tool log convert.log", "rel": "related", "type": "text/plain"},
        {"href": "https://test.eodatahub.org.uk/ades/figi44/temp/convert-url-c667c832-cec6-11ef-ad18-8ef03814f15e/node_stage_out.log",
        "title": "Tool log node_stage_out.log", "rel": "related", "type": "text/plain"}]},
        {"jobID": "f63302a0-d058-11ef-b365-8ef03814f15e", "type": "process", "processID":
        "convert-url", "created": "2025-01-11T20:16:38.492Z", "started": "2025-01-11T20:16:38.492Z",
        "finished": "2025-01-11T20:17:39.455Z", "updated": "2025-01-11T20:17:38.982Z",
        "status": "successful", "message": "ZOO-Kernel successfully run your service!",
        "links": [{"title": "Status location", "rel": "monitor", "type": "application/json",
        "href": "https://test.eodatahub.org.uk/ades/figi44/ogc-api/jobs/f63302a0-d058-11ef-b365-8ef03814f15e"},
        {"title": "Result location", "rel": "http://www.opengis.net/def/rel/ogc/1.0/results",
        "type": "application/json", "href": "https://test.eodatahub.org.uk/ades/figi44/ogc-api/jobs/f63302a0-d058-11ef-b365-8ef03814f15e/results"},
        {"href": "https://test.eodatahub.org.uk/ades/figi44/temp/convert-url-f63302a0-d058-11ef-b365-8ef03814f15e/convert.log",
        "title": "Tool log convert.log", "rel": "related", "type": "text/plain"},
        {"href": "https://test.eodatahub.org.uk/ades/figi44/temp/convert-url-f63302a0-d058-11ef-b365-8ef03814f15e/node_stage_out.log",
        "title": "Tool log node_stage_out.log", "rel": "related", "type": "text/plain"}]},
        {"jobID": "2484650a-cf4a-11ef-8a03-8ef03814f15e", "type": "process", "processID":
        "s1-coherence-a", "created": "2025-01-10T11:58:02.992Z", "started": "2025-01-10T11:58:02.992Z",
        "finished": "2025-01-10T12:03:34.482Z", "updated": "2025-01-10T12:03:23.662Z",
        "status": "failed", "message": "Unable to run the Service. The message returned
        back by the Service was the following: Exception during execution...\nTraceback
        (most recent call last):\n  File \"/opt/zooservices_user/figi44/s1-coherence-a/service.py\",
        line 503, in s1_coherence_a\n    exit_status = runner.execute()\n  File \"/usr/local/lib/python3.8/dist-packages/zoo_calrissian_runner/__init__.py\",
        line 495, in execute\n    output = self.execution.get_output()\n  File \"/usr/local/lib/python3.8/dist-packages/pycalrissian-0.7.0-py3.8.egg/pycalrissian/execution.py\",
        line 84, in get_output\n    return json.load(staged_file)\n  File \"/usr/lib/python3.8/json/__init__.py\",
        line 293, in load\n    return loads(fp.read(),\n  File \"/usr/lib/python3.8/json/__init__.py\",
        line 357, in loads\n    return _default_decoder.decode(s)\n  File \"/usr/lib/python3.8/json/decoder.py\",
        line 337, in decode\n    obj, end = self.raw_decode(s, idx=_w(s, 0).end())\n  File
        \"/usr/lib/python3.8/json/decoder.py\", line 355, in raw_decode\n    raise
        JSONDecodeError(\"Expecting value\", s, err.value) from None\njson.decoder.JSONDecodeError:
        Expecting value: line 1 column 1 (char 0)\n\n", "links": [{"title": "Status
        location", "rel": "monitor", "type": "application/json", "href": "https://test.eodatahub.org.uk/ades/figi44/ogc-api/jobs/2484650a-cf4a-11ef-8a03-8ef03814f15e"},
        {"href": "https://test.eodatahub.org.uk/ades/figi44/temp/s1-coherence-a-2484650a-cf4a-11ef-8a03-8ef03814f15e/s1_search.log",
        "title": "Tool log s1_search.log", "rel": "related", "type": "text/plain"}]},
        {"jobID": "900dbcbe-d17e-11ef-b434-8ef03814f15e", "type": "process", "processID":
        "cloud-free-best-pixel-h", "created": "2025-01-13T07:18:19.198Z", "started":
        "2025-01-13T07:18:19.198Z", "finished": "2025-01-13T07:25:56.905Z", "updated":
        "2025-01-13T07:25:56.575Z", "status": "failed", "message": "Unable to run
        the Service. The message returned back by the Service was the following: Execution
        failed", "links": [{"title": "Status location", "rel": "monitor", "type":
        "application/json", "href": "https://test.eodatahub.org.uk/ades/figi44/ogc-api/jobs/900dbcbe-d17e-11ef-b434-8ef03814f15e"},
        {"href": "https://test.eodatahub.org.uk/ades/figi44/temp/cloud-free-best-pixel-h-900dbcbe-d17e-11ef-b434-8ef03814f15e/s2_search.log",
        "title": "Tool log s2_search.log", "rel": "related", "type": "text/plain"},
        {"href": "https://test.eodatahub.org.uk/ades/figi44/temp/cloud-free-best-pixel-h-900dbcbe-d17e-11ef-b434-8ef03814f15e/s2_rm_cloud.log",
        "title": "Tool log s2_rm_cloud.log", "rel": "related", "type": "text/plain"}]},
        {"jobID": "eb6ecc06-cf8f-11ef-ae70-8ef03814f15e", "type": "process", "processID":
        "convert-url", "created": "2025-01-10T20:17:31.498Z", "started": "2025-01-10T20:17:31.498Z",
        "finished": "2025-01-10T20:18:33.583Z", "updated": "2025-01-10T20:18:33.127Z",
        "status": "successful", "message": "ZOO-Kernel successfully run your service!",
        "links": [{"title": "Status location", "rel": "monitor", "type": "application/json",
        "href": "https://test.eodatahub.org.uk/ades/figi44/ogc-api/jobs/eb6ecc06-cf8f-11ef-ae70-8ef03814f15e"},
        {"title": "Result location", "rel": "http://www.opengis.net/def/rel/ogc/1.0/results",
        "type": "application/json", "href": "https://test.eodatahub.org.uk/ades/figi44/ogc-api/jobs/eb6ecc06-cf8f-11ef-ae70-8ef03814f15e/results"},
        {"href": "https://test.eodatahub.org.uk/ades/figi44/temp/convert-url-eb6ecc06-cf8f-11ef-ae70-8ef03814f15e/convert.log",
        "title": "Tool log convert.log", "rel": "related", "type": "text/plain"},
        {"href": "https://test.eodatahub.org.uk/ades/figi44/temp/convert-url-eb6ecc06-cf8f-11ef-ae70-8ef03814f15e/node_stage_out.log",
        "title": "Tool log node_stage_out.log", "rel": "related", "type": "text/plain"}]},
        {"jobID": "18c2214c-d122-11ef-961e-8ef03814f15e", "type": "process", "processID":
        "convert-url", "created": "2025-01-12T20:16:25.099Z", "started": "2025-01-12T20:16:25.099Z",
        "finished": "2025-01-12T20:17:25.303Z", "updated": "2025-01-12T20:17:24.922Z",
        "status": "successful", "message": "ZOO-Kernel successfully run your service!",
        "links": [{"title": "Status location", "rel": "monitor", "type": "application/json",
        "href": "https://test.eodatahub.org.uk/ades/figi44/ogc-api/jobs/18c2214c-d122-11ef-961e-8ef03814f15e"},
        {"title": "Result location", "rel": "http://www.opengis.net/def/rel/ogc/1.0/results",
        "type": "application/json", "href": "https://test.eodatahub.org.uk/ades/figi44/ogc-api/jobs/18c2214c-d122-11ef-961e-8ef03814f15e/results"},
        {"href": "https://test.eodatahub.org.uk/ades/figi44/temp/convert-url-18c2214c-d122-11ef-961e-8ef03814f15e/convert.log",
        "title": "Tool log convert.log", "rel": "related", "type": "text/plain"},
        {"href": "https://test.eodatahub.org.uk/ades/figi44/temp/convert-url-18c2214c-d122-11ef-961e-8ef03814f15e/node_stage_out.log",
        "title": "Tool log node_stage_out.log", "rel": "related", "type": "text/plain"}]}],
        "links": [{"rel": "self", "type": "application/json", "href": "https://test.eodatahub.org.uk/ades/figi44/ogc-api/jobs"},
        {"rel": "prev", "type": "application/json", "href": "https://test.eodatahub.org.uk/ades/figi44/ogc-api/jobs?limit=10&skip=20"},
        {"rel": "next", "type": "application/json", "href": "https://test.eodatahub.org.uk/ades/figi44/ogc-api/jobs?limit=10&skip=40"}],
        "numberTotal": 10}'
    headers:
      Access-Control-Allow-Headers:
      - Content-Type,Authorization,Prefer
      Access-Control-Allow-Methods:
      - '*'
      Access-Control-Allow-Origin:
      - '*'
      Access-Control-Max-Age:
      - '1728000'
      Connection:
      - keep-alive
      Content-Type:
      - application/json;charset=UTF-8
      Date:
      - Fri, 07 Feb 2025 11:51:50 GMT
      Server:
      - nginx/1.27.0
      Transfer-Encoding:
      - chunked
      Via:
      - 1.1 d5da174e34f35b7d1482b8432bf7e084.cloudfront.net (CloudFront)
      X-Amz-Cf-Id:
      - hxc5ji8ItBzFaFYhobJTzmXqAZQ5W1DAuZltOmPsIJrdiplhT1QlJw==
      X-Amz-Cf-Pop:
      - PRG50-C1
      X-Cache:
      - Miss from cloudfront
      content-encoding:
      - gzip
      vary:
      - accept-encoding
    status:
      code: 200
      message: OK
- request:
    body: null
    headers:
      Accept:
      - '*/*'
      Accept-Encoding:
      - gzip, deflate
      Connection:
      - keep-alive
      User-Agent:
      - python-requests/2.32.3
    method: GET
    uri: https://test.eodatahub.org.uk/ades/figi44/ogc-api/jobs?limit=10&skip=40&limit=10
  response:
    body:
      string: '{"jobs": [{"jobID": "4aaa2b8a-de6c-11ef-bcf9-12e2ea552ab2", "type":
        "process", "processID": "convert-url", "created": "2025-01-29T18:10:16.800Z",
        "started": "2025-01-29T18:10:16.800Z", "finished": "2025-01-29T18:11:33.378Z",
        "updated": "2025-01-29T18:11:32.810Z", "status": "successful", "message":
        "ZOO-Kernel successfully run your service!", "links": [{"title": "Status location",
        "rel": "monitor", "type": "application/json", "href": "https://test.eodatahub.org.uk/ades/figi44/ogc-api/jobs/4aaa2b8a-de6c-11ef-bcf9-12e2ea552ab2"},
        {"title": "Result location", "rel": "http://www.opengis.net/def/rel/ogc/1.0/results",
        "type": "application/json", "href": "https://test.eodatahub.org.uk/ades/figi44/ogc-api/jobs/4aaa2b8a-de6c-11ef-bcf9-12e2ea552ab2/results"},
        {"href": "https://test.eodatahub.org.uk/ades/figi44/temp/convert-url-4aaa2b8a-de6c-11ef-bcf9-12e2ea552ab2/node_stage_in.log",
        "title": "Tool log node_stage_in.log", "rel": "related", "type": "text/plain"},
        {"href": "https://test.eodatahub.org.uk/ades/figi44/temp/convert-url-4aaa2b8a-de6c-11ef-bcf9-12e2ea552ab2/convert.log",
        "title": "Tool log convert.log", "rel": "related", "type": "text/plain"},
        {"href": "https://test.eodatahub.org.uk/ades/figi44/temp/convert-url-4aaa2b8a-de6c-11ef-bcf9-12e2ea552ab2/node_stage_out.log",
        "title": "Tool log node_stage_out.log", "rel": "related", "type": "text/plain"}]},
        {"jobID": "8a926cea-de75-11ef-9a36-12e2ea552ab2", "type": "process", "processID":
        "convert-url", "created": "2025-01-29T19:16:29.601Z", "started": "2025-01-29T19:16:29.601Z",
        "finished": "2025-01-29T19:17:43.823Z", "updated": "2025-01-29T19:17:43.363Z",
        "status": "successful", "message": "ZOO-Kernel successfully run your service!",
        "links": [{"title": "Status location", "rel": "monitor", "type": "application/json",
        "href": "https://test.eodatahub.org.uk/ades/figi44/ogc-api/jobs/8a926cea-de75-11ef-9a36-12e2ea552ab2"},
        {"title": "Result location", "rel": "http://www.opengis.net/def/rel/ogc/1.0/results",
        "type": "application/json", "href": "https://test.eodatahub.org.uk/ades/figi44/ogc-api/jobs/8a926cea-de75-11ef-9a36-12e2ea552ab2/results"},
        {"href": "https://test.eodatahub.org.uk/ades/figi44/temp/convert-url-8a926cea-de75-11ef-9a36-12e2ea552ab2/node_stage_in.log",
        "title": "Tool log node_stage_in.log", "rel": "related", "type": "text/plain"},
        {"href": "https://test.eodatahub.org.uk/ades/figi44/temp/convert-url-8a926cea-de75-11ef-9a36-12e2ea552ab2/convert.log",
        "title": "Tool log convert.log", "rel": "related", "type": "text/plain"},
        {"href": "https://test.eodatahub.org.uk/ades/figi44/temp/convert-url-8a926cea-de75-11ef-9a36-12e2ea552ab2/node_stage_out.log",
        "title": "Tool log node_stage_out.log", "rel": "related", "type": "text/plain"}]},
        {"jobID": "43d2b494-e010-11ef-81b3-86a1f8f9b25e", "type": "process", "processID":
        "convert-url", "created": "2025-01-31T20:16:34.202Z", "started": "2025-01-31T20:16:34.202Z",
        "finished": "2025-01-31T20:17:49.071Z", "updated": "2025-01-31T20:17:48.586Z",
        "status": "successful", "message": "ZOO-Kernel successfully run your service!",
        "links": [{"title": "Status location", "rel": "monitor", "type": "application/json",
        "href": "https://test.eodatahub.org.uk/ades/figi44/ogc-api/jobs/43d2b494-e010-11ef-81b3-86a1f8f9b25e"},
        {"title": "Result location", "rel": "http://www.opengis.net/def/rel/ogc/1.0/results",
        "type": "application/json", "href": "https://test.eodatahub.org.uk/ades/figi44/ogc-api/jobs/43d2b494-e010-11ef-81b3-86a1f8f9b25e/results"},
        {"href": "https://test.eodatahub.org.uk/ades/figi44/temp/convert-url-43d2b494-e010-11ef-81b3-86a1f8f9b25e/node_stage_in.log",
        "title": "Tool log node_stage_in.log", "rel": "related", "type": "text/plain"},
        {"href": "https://test.eodatahub.org.uk/ades/figi44/temp/convert-url-43d2b494-e010-11ef-81b3-86a1f8f9b25e/convert.log",
        "title": "Tool log convert.log", "rel": "related", "type": "text/plain"},
        {"href": "https://test.eodatahub.org.uk/ades/figi44/temp/convert-url-43d2b494-e010-11ef-81b3-86a1f8f9b25e/node_stage_out.log",
        "title": "Tool log node_stage_out.log", "rel": "related", "type": "text/plain"}]},
        {"jobID": "19ccf730-defe-11ef-9785-12e2ea552ab2", "type": "process", "processID":
        "s1-coherence-d", "created": "2025-01-30T11:34:01.792Z", "started": "2025-01-30T11:34:01.792Z",
        "finished": "2025-01-30T12:02:04.765Z", "updated": "2025-01-30T12:02:04.286Z",
        "status": "failed", "message": "Unable to run the Service. The message returned
        back by the Service was the following: Execution failed", "links": [{"title":
        "Status location", "rel": "monitor", "type": "application/json", "href": "https://test.eodatahub.org.uk/ades/figi44/ogc-api/jobs/19ccf730-defe-11ef-9785-12e2ea552ab2"},
        {"href": "https://test.eodatahub.org.uk/ades/figi44/temp/s1-coherence-d-19ccf730-defe-11ef-9785-12e2ea552ab2/node_stage_in.log",
        "title": "Tool log node_stage_in.log", "rel": "related", "type": "text/plain"}]},
        {"jobID": "4964c654-de76-11ef-ad48-12e2ea552ab2", "type": "process", "processID":
        "convert-url", "created": "2025-01-29T19:21:49.649Z", "started": "2025-01-29T19:21:49.649Z",
        "finished": "2025-01-29T19:23:04.846Z", "updated": "2025-01-29T19:23:04.237Z",
        "status": "successful", "message": "ZOO-Kernel successfully run your service!",
        "links": [{"title": "Status location", "rel": "monitor", "type": "application/json",
        "href": "https://test.eodatahub.org.uk/ades/figi44/ogc-api/jobs/4964c654-de76-11ef-ad48-12e2ea552ab2"},
        {"title": "Result location", "rel": "http://www.opengis.net/def/rel/ogc/1.0/results",
        "type": "application/json", "href": "https://test.eodatahub.org.uk/ades/figi44/ogc-api/jobs/4964c654-de76-11ef-ad48-12e2ea552ab2/results"},
        {"href": "https://test.eodatahub.org.uk/ades/figi44/temp/convert-url-4964c654-de76-11ef-ad48-12e2ea552ab2/node_stage_in.log",
        "title": "Tool log node_stage_in.log", "rel": "related", "type": "text/plain"},
        {"href": "https://test.eodatahub.org.uk/ades/figi44/temp/convert-url-4964c654-de76-11ef-ad48-12e2ea552ab2/convert.log",
        "title": "Tool log convert.log", "rel": "related", "type": "text/plain"},
        {"href": "https://test.eodatahub.org.uk/ades/figi44/temp/convert-url-4964c654-de76-11ef-ad48-12e2ea552ab2/node_stage_out.log",
        "title": "Tool log node_stage_out.log", "rel": "related", "type": "text/plain"}]},
        {"jobID": "a036daa2-deef-11ef-a944-12e2ea552ab2", "type": "process", "processID":
        "s1-coherence-d", "created": "2025-01-30T09:50:24.503Z", "started": "2025-01-30T09:50:24.503Z",
        "finished": "2025-01-30T10:14:51.339Z", "updated": "2025-01-30T10:14:38.246Z",
        "status": "failed", "message": "Unable to run the Service. The message returned
        back by the Service was the following: Exception during execution...\nTraceback
        (most recent call last):\n  File \"/opt/zooservices_user/figi44/s1-coherence-d/service.py\",
        line 519, in s1_coherence_d\n    exit_status = runner.execute()\n  File \"/usr/local/lib/python3.8/dist-packages/zoo_calrissian_runner/__init__.py\",
        line 506, in execute\n    output = self.execution.get_output()\n  File \"/usr/local/lib/python3.8/dist-packages/pycalrissian-0.7.0-py3.8.egg/pycalrissian/execution.py\",
        line 84, in get_output\n    return json.load(staged_file)\n  File \"/usr/lib/python3.8/json/__init__.py\",
        line 293, in load\n    return loads(fp.read(),\n  File \"/usr/lib/python3.8/json/__init__.py\",
        line 357, in loads\n    return _default_decoder.decode(s)\n  File \"/usr/lib/python3.8/json/decoder.py\",
        line 337, in decode\n    obj, end = self.raw_decode(s, idx=_w(s, 0).end())\n  File
        \"/usr/lib/python3.8/json/decoder.py\", line 355, in raw_decode\n    raise
        JSONDecodeError(\"Expecting value\", s, err.value) from None\njson.decoder.JSONDecodeError:
        Expecting value: line 1 column 1 (char 0)\n\n", "links": [{"title": "Status
        location", "rel": "monitor", "type": "application/json", "href": "https://test.eodatahub.org.uk/ades/figi44/ogc-api/jobs/a036daa2-deef-11ef-a944-12e2ea552ab2"},
        {"href": "https://test.eodatahub.org.uk/ades/figi44/temp/s1-coherence-d-a036daa2-deef-11ef-a944-12e2ea552ab2/node_stage_in.log",
        "title": "Tool log node_stage_in.log", "rel": "related", "type": "text/plain"},
        {"href": "https://test.eodatahub.org.uk/ades/figi44/temp/s1-coherence-d-a036daa2-deef-11ef-a944-12e2ea552ab2/s1_search.log",
        "title": "Tool log s1_search.log", "rel": "related", "type": "text/plain"}]},
        {"jobID": "26c10a14-df47-11ef-9397-86a1f8f9b25e", "type": "process", "processID":
        "convert-url", "created": "2025-01-30T20:16:56.399Z", "started": "2025-01-30T20:16:56.399Z",
        "finished": "2025-01-30T20:18:40.446Z", "updated": "2025-01-30T20:18:39.964Z",
        "status": "successful", "message": "ZOO-Kernel successfully run your service!",
        "links": [{"title": "Status location", "rel": "monitor", "type": "application/json",
        "href": "https://test.eodatahub.org.uk/ades/figi44/ogc-api/jobs/26c10a14-df47-11ef-9397-86a1f8f9b25e"},
        {"title": "Result location", "rel": "http://www.opengis.net/def/rel/ogc/1.0/results",
        "type": "application/json", "href": "https://test.eodatahub.org.uk/ades/figi44/ogc-api/jobs/26c10a14-df47-11ef-9397-86a1f8f9b25e/results"},
        {"href": "https://test.eodatahub.org.uk/ades/figi44/temp/convert-url-26c10a14-df47-11ef-9397-86a1f8f9b25e/node_stage_in.log",
        "title": "Tool log node_stage_in.log", "rel": "related", "type": "text/plain"},
        {"href": "https://test.eodatahub.org.uk/ades/figi44/temp/convert-url-26c10a14-df47-11ef-9397-86a1f8f9b25e/convert.log",
        "title": "Tool log convert.log", "rel": "related", "type": "text/plain"},
        {"href": "https://test.eodatahub.org.uk/ades/figi44/temp/convert-url-26c10a14-df47-11ef-9397-86a1f8f9b25e/node_stage_out.log",
        "title": "Tool log node_stage_out.log", "rel": "related", "type": "text/plain"}]},
        {"jobID": "e5cf942e-d4cb-11ef-a258-7acca6d0ccd7", "type": "process", "processID":
        "convert-url", "created": "2025-01-17T12:09:27.707Z", "started": "2025-01-17T12:09:27.707Z",
        "finished": "2025-01-17T12:11:01.062Z", "updated": "2025-01-17T12:10:50.778Z",
        "status": "failed", "message": "Unable to run the Service. The message returned
        back by the Service was the following: Exception during execution...\nTraceback
        (most recent call last):\n  File \"/opt/zooservices_user/figi44/convert-url/service.py\",
        line 503, in convert_url\n    exit_status = runner.execute()\n  File \"/usr/local/lib/python3.8/dist-packages/zoo_calrissian_runner/__init__.py\",
        line 506, in execute\n    output = self.execution.get_output()\n  File \"/usr/local/lib/python3.8/dist-packages/pycalrissian-0.7.0-py3.8.egg/pycalrissian/execution.py\",
        line 84, in get_output\n    return json.load(staged_file)\n  File \"/usr/lib/python3.8/json/__init__.py\",
        line 293, in load\n    return loads(fp.read(),\n  File \"/usr/lib/python3.8/json/__init__.py\",
        line 357, in loads\n    return _default_decoder.decode(s)\n  File \"/usr/lib/python3.8/json/decoder.py\",
        line 337, in decode\n    obj, end = self.raw_decode(s, idx=_w(s, 0).end())\n  File
        \"/usr/lib/python3.8/json/decoder.py\", line 355, in raw_decode\n    raise
        JSONDecodeError(\"Expecting value\", s, err.value) from None\njson.decoder.JSONDecodeError:
        Expecting value: line 1 column 1 (char 0)\n\n", "links": [{"title": "Status
        location", "rel": "monitor", "type": "application/json", "href": "https://test.eodatahub.org.uk/ades/figi44/ogc-api/jobs/e5cf942e-d4cb-11ef-a258-7acca6d0ccd7"}]},
        {"jobID": "d4f5d970-d4d4-11ef-a1e8-7acca6d0ccd7", "type": "process", "processID":
        "convert-url", "created": "2025-01-17T13:13:25.101Z", "started": "2025-01-17T13:13:25.101Z",
        "finished": "2025-01-17T13:15:36.785Z", "updated": "2025-01-17T13:15:36.261Z",
        "status": "failed", "message": "Unable to run the Service. The message returned
        back by the Service was the following: Execution failed", "links": [{"title":
        "Status location", "rel": "monitor", "type": "application/json", "href": "https://test.eodatahub.org.uk/ades/figi44/ogc-api/jobs/d4f5d970-d4d4-11ef-a1e8-7acca6d0ccd7"},
        {"href": "https://test.eodatahub.org.uk/ades/figi44/temp/convert-url-d4f5d970-d4d4-11ef-a1e8-7acca6d0ccd7/node_stage_in.log",
        "title": "Tool log node_stage_in.log", "rel": "related", "type": "text/plain"}]},
        {"jobID": "68296cf0-de78-11ef-a565-12e2ea552ab2", "type": "process", "processID":
        "s1-coherence-d", "created": "2025-01-29T19:37:00.398Z", "started": "2025-01-29T19:37:00.398Z",
        "finished": "2025-01-29T19:59:27.296Z", "updated": "2025-01-29T19:59:26.842Z",
        "status": "failed", "message": "Unable to run the Service. The message returned
        back by the Service was the following: Execution failed", "links": [{"title":
        "Status location", "rel": "monitor", "type": "application/json", "href": "https://test.eodatahub.org.uk/ades/figi44/ogc-api/jobs/68296cf0-de78-11ef-a565-12e2ea552ab2"},
        {"href": "https://test.eodatahub.org.uk/ades/figi44/temp/s1-coherence-d-68296cf0-de78-11ef-a565-12e2ea552ab2/node_stage_in.log",
        "title": "Tool log node_stage_in.log", "rel": "related", "type": "text/plain"}]}],
        "links": [{"rel": "self", "type": "application/json", "href": "https://test.eodatahub.org.uk/ades/figi44/ogc-api/jobs"},
        {"rel": "prev", "type": "application/json", "href": "https://test.eodatahub.org.uk/ades/figi44/ogc-api/jobs?limit=10&skip=30"},
        {"rel": "next", "type": "application/json", "href": "https://test.eodatahub.org.uk/ades/figi44/ogc-api/jobs?limit=10&skip=50"}],
        "numberTotal": 10}'
    headers:
      Access-Control-Allow-Headers:
      - Content-Type,Authorization,Prefer
      Access-Control-Allow-Methods:
      - '*'
      Access-Control-Allow-Origin:
      - '*'
      Access-Control-Max-Age:
      - '1728000'
      Connection:
      - keep-alive
      Content-Type:
      - application/json;charset=UTF-8
      Date:
      - Fri, 07 Feb 2025 11:51:53 GMT
      Server:
      - nginx/1.27.0
      Transfer-Encoding:
      - chunked
      Via:
      - 1.1 bb390afd921c223e0fe4921fbc23bbe8.cloudfront.net (CloudFront)
      X-Amz-Cf-Id:
      - 2d9UzV4ELmJ6ZkSg60LRekRmMWIuI0l671Osx8NJ14Ol8GNSCoTqWw==
      X-Amz-Cf-Pop:
      - PRG50-C1
      X-Cache:
      - Miss from cloudfront
      content-encoding:
      - gzip
      vary:
      - accept-encoding
    status:
      code: 200
      message: OK
- request:
    body: null
    headers:
      Accept:
      - '*/*'
      Accept-Encoding:
      - gzip, deflate
      Connection:
      - keep-alive
      User-Agent:
      - python-requests/2.32.3
    method: GET
    uri: https://test.eodatahub.org.uk/ades/figi44/ogc-api/jobs?limit=10&skip=50&limit=10
  response:
    body:
      string: '{"jobs": [{"jobID": "f9917a90-d4cb-11ef-b5f6-7acca6d0ccd7", "type":
        "process", "processID": "convert-url", "created": "2025-01-17T12:10:00.915Z",
        "started": "2025-01-17T12:10:00.915Z", "finished": "2025-01-17T12:11:08.975Z",
        "updated": "2025-01-17T12:10:58.626Z", "status": "failed", "message": "Unable
        to run the Service. The message returned back by the Service was the following:
        Exception during execution...\nTraceback (most recent call last):\n  File
        \"/opt/zooservices_user/figi44/convert-url/service.py\", line 503, in convert_url\n    exit_status
        = runner.execute()\n  File \"/usr/local/lib/python3.8/dist-packages/zoo_calrissian_runner/__init__.py\",
        line 506, in execute\n    output = self.execution.get_output()\n  File \"/usr/local/lib/python3.8/dist-packages/pycalrissian-0.7.0-py3.8.egg/pycalrissian/execution.py\",
        line 84, in get_output\n    return json.load(staged_file)\n  File \"/usr/lib/python3.8/json/__init__.py\",
        line 293, in load\n    return loads(fp.read(),\n  File \"/usr/lib/python3.8/json/__init__.py\",
        line 357, in loads\n    return _default_decoder.decode(s)\n  File \"/usr/lib/python3.8/json/decoder.py\",
        line 337, in decode\n    obj, end = self.raw_decode(s, idx=_w(s, 0).end())\n  File
        \"/usr/lib/python3.8/json/decoder.py\", line 355, in raw_decode\n    raise
        JSONDecodeError(\"Expecting value\", s, err.value) from None\njson.decoder.JSONDecodeError:
        Expecting value: line 1 column 1 (char 0)\n\n", "links": [{"title": "Status
        location", "rel": "monitor", "type": "application/json", "href": "https://test.eodatahub.org.uk/ades/figi44/ogc-api/jobs/f9917a90-d4cb-11ef-b5f6-7acca6d0ccd7"}]},
        {"jobID": "fbf35e02-d4cb-11ef-aacf-7acca6d0ccd7", "type": "process", "processID":
        "convert-url", "created": "2025-01-17T12:10:04.917Z", "started": "2025-01-17T12:10:04.917Z",
        "finished": "2025-01-17T12:11:12.191Z", "updated": "2025-01-17T12:11:02.576Z",
        "status": "failed", "message": "Unable to run the Service. The message returned
        back by the Service was the following: Exception during execution...\nTraceback
        (most recent call last):\n  File \"/opt/zooservices_user/figi44/convert-url/service.py\",
        line 503, in convert_url\n    exit_status = runner.execute()\n  File \"/usr/local/lib/python3.8/dist-packages/zoo_calrissian_runner/__init__.py\",
        line 506, in execute\n    output = self.execution.get_output()\n  File \"/usr/local/lib/python3.8/dist-packages/pycalrissian-0.7.0-py3.8.egg/pycalrissian/execution.py\",
        line 84, in get_output\n    return json.load(staged_file)\n  File \"/usr/lib/python3.8/json/__init__.py\",
        line 293, in load\n    return loads(fp.read(),\n  File \"/usr/lib/python3.8/json/__init__.py\",
        line 357, in loads\n    return _default_decoder.decode(s)\n  File \"/usr/lib/python3.8/json/decoder.py\",
        line 337, in decode\n    obj, end = self.raw_decode(s, idx=_w(s, 0).end())\n  File
        \"/usr/lib/python3.8/json/decoder.py\", line 355, in raw_decode\n    raise
        JSONDecodeError(\"Expecting value\", s, err.value) from None\njson.decoder.JSONDecodeError:
        Expecting value: line 1 column 1 (char 0)\n\n", "links": [{"title": "Status
        location", "rel": "monitor", "type": "application/json", "href": "https://test.eodatahub.org.uk/ades/figi44/ogc-api/jobs/fbf35e02-d4cb-11ef-aacf-7acca6d0ccd7"}]},
        {"jobID": "58328efe-d4cc-11ef-b0d1-7acca6d0ccd7", "type": "process", "processID":
        "convert-url", "created": "2025-01-17T12:12:39.611Z", "started": "2025-01-17T12:12:39.611Z",
        "finished": "2025-01-17T12:14:51.075Z", "updated": "2025-01-17T12:14:50.657Z",
        "status": "failed", "message": "Unable to run the Service. The message returned
        back by the Service was the following: Execution failed", "links": [{"title":
        "Status location", "rel": "monitor", "type": "application/json", "href": "https://test.eodatahub.org.uk/ades/figi44/ogc-api/jobs/58328efe-d4cc-11ef-b0d1-7acca6d0ccd7"},
        {"href": "https://test.eodatahub.org.uk/ades/figi44/temp/convert-url-58328efe-d4cc-11ef-b0d1-7acca6d0ccd7/node_stage_in.log",
        "title": "Tool log node_stage_in.log", "rel": "related", "type": "text/plain"}]},
        {"jobID": "4d518b10-d4d2-11ef-b92b-7acca6d0ccd7", "type": "process", "processID":
        "convert-url", "created": "2025-01-17T12:55:18.425Z", "started": "2025-01-17T12:55:18.425Z",
        "finished": "2025-01-17T12:57:30.286Z", "updated": "2025-01-17T12:57:29.772Z",
        "status": "failed", "message": "Unable to run the Service. The message returned
        back by the Service was the following: Execution failed", "links": [{"title":
        "Status location", "rel": "monitor", "type": "application/json", "href": "https://test.eodatahub.org.uk/ades/figi44/ogc-api/jobs/4d518b10-d4d2-11ef-b92b-7acca6d0ccd7"},
        {"href": "https://test.eodatahub.org.uk/ades/figi44/temp/convert-url-4d518b10-d4d2-11ef-b92b-7acca6d0ccd7/node_stage_in.log",
        "title": "Tool log node_stage_in.log", "rel": "related", "type": "text/plain"}]},
        {"jobID": "33e6fe28-d4df-11ef-9e68-7acca6d0ccd7", "type": "process", "processID":
        "convert-url", "created": "2025-01-17T14:27:39.211Z", "started": "2025-01-17T14:27:39.211Z",
        "finished": "2025-01-17T14:29:22.445Z", "updated": "2025-01-17T14:29:21.721Z",
        "status": "successful", "message": "ZOO-Kernel successfully run your service!",
        "links": [{"title": "Status location", "rel": "monitor", "type": "application/json",
        "href": "https://test.eodatahub.org.uk/ades/figi44/ogc-api/jobs/33e6fe28-d4df-11ef-9e68-7acca6d0ccd7"},
        {"title": "Result location", "rel": "http://www.opengis.net/def/rel/ogc/1.0/results",
        "type": "application/json", "href": "https://test.eodatahub.org.uk/ades/figi44/ogc-api/jobs/33e6fe28-d4df-11ef-9e68-7acca6d0ccd7/results"},
        {"href": "https://test.eodatahub.org.uk/ades/figi44/temp/convert-url-33e6fe28-d4df-11ef-9e68-7acca6d0ccd7/node_stage_in.log",
        "title": "Tool log node_stage_in.log", "rel": "related", "type": "text/plain"},
        {"href": "https://test.eodatahub.org.uk/ades/figi44/temp/convert-url-33e6fe28-d4df-11ef-9e68-7acca6d0ccd7/convert.log",
        "title": "Tool log convert.log", "rel": "related", "type": "text/plain"},
        {"href": "https://test.eodatahub.org.uk/ades/figi44/temp/convert-url-33e6fe28-d4df-11ef-9e68-7acca6d0ccd7/node_stage_out.log",
        "title": "Tool log node_stage_out.log", "rel": "related", "type": "text/plain"}]},
        {"jobID": "ad405448-de78-11ef-9d60-12e2ea552ab2", "type": "process", "processID":
        "cloud-free-best-pixel-h", "created": "2025-01-29T19:38:56.298Z", "started":
        "2025-01-29T19:38:56.298Z", "finished": "2025-01-29T19:54:46.652Z", "updated":
        "2025-01-29T19:54:46.185Z", "status": "failed", "message": "Unable to run
        the Service. The message returned back by the Service was the following: Execution
        failed", "links": [{"title": "Status location", "rel": "monitor", "type":
        "application/json", "href": "https://test.eodatahub.org.uk/ades/figi44/ogc-api/jobs/ad405448-de78-11ef-9d60-12e2ea552ab2"},
        {"href": "https://test.eodatahub.org.uk/ades/figi44/temp/cloud-free-best-pixel-h-ad405448-de78-11ef-9d60-12e2ea552ab2/node_stage_in.log",
        "title": "Tool log node_stage_in.log", "rel": "related", "type": "text/plain"}]},
        {"jobID": "fc10e7e0-de7d-11ef-8451-12e2ea552ab2", "type": "process", "processID":
        "convert-url", "created": "2025-01-29T20:16:55.901Z", "started": "2025-01-29T20:16:55.901Z",
        "finished": "2025-01-29T20:18:08.331Z", "updated": "2025-01-29T20:18:07.857Z",
        "status": "successful", "message": "ZOO-Kernel successfully run your service!",
        "links": [{"title": "Status location", "rel": "monitor", "type": "application/json",
        "href": "https://test.eodatahub.org.uk/ades/figi44/ogc-api/jobs/fc10e7e0-de7d-11ef-8451-12e2ea552ab2"},
        {"title": "Result location", "rel": "http://www.opengis.net/def/rel/ogc/1.0/results",
        "type": "application/json", "href": "https://test.eodatahub.org.uk/ades/figi44/ogc-api/jobs/fc10e7e0-de7d-11ef-8451-12e2ea552ab2/results"},
        {"href": "https://test.eodatahub.org.uk/ades/figi44/temp/convert-url-fc10e7e0-de7d-11ef-8451-12e2ea552ab2/node_stage_in.log",
        "title": "Tool log node_stage_in.log", "rel": "related", "type": "text/plain"},
        {"href": "https://test.eodatahub.org.uk/ades/figi44/temp/convert-url-fc10e7e0-de7d-11ef-8451-12e2ea552ab2/convert.log",
        "title": "Tool log convert.log", "rel": "related", "type": "text/plain"},
        {"href": "https://test.eodatahub.org.uk/ades/figi44/temp/convert-url-fc10e7e0-de7d-11ef-8451-12e2ea552ab2/node_stage_out.log",
        "title": "Tool log node_stage_out.log", "rel": "related", "type": "text/plain"}]},
        {"jobID": "9f659ed2-de73-11ef-8622-12e2ea552ab2", "type": "process", "processID":
        "convert-url", "created": "2025-01-29T19:02:45.402Z", "started": "2025-01-29T19:02:45.402Z",
        "finished": "2025-01-29T19:03:59.558Z", "updated": "2025-01-29T19:03:59.072Z",
        "status": "successful", "message": "ZOO-Kernel successfully run your service!",
        "links": [{"title": "Status location", "rel": "monitor", "type": "application/json",
        "href": "https://test.eodatahub.org.uk/ades/figi44/ogc-api/jobs/9f659ed2-de73-11ef-8622-12e2ea552ab2"},
        {"title": "Result location", "rel": "http://www.opengis.net/def/rel/ogc/1.0/results",
        "type": "application/json", "href": "https://test.eodatahub.org.uk/ades/figi44/ogc-api/jobs/9f659ed2-de73-11ef-8622-12e2ea552ab2/results"},
        {"href": "https://test.eodatahub.org.uk/ades/figi44/temp/convert-url-9f659ed2-de73-11ef-8622-12e2ea552ab2/node_stage_in.log",
        "title": "Tool log node_stage_in.log", "rel": "related", "type": "text/plain"},
        {"href": "https://test.eodatahub.org.uk/ades/figi44/temp/convert-url-9f659ed2-de73-11ef-8622-12e2ea552ab2/convert.log",
        "title": "Tool log convert.log", "rel": "related", "type": "text/plain"},
        {"href": "https://test.eodatahub.org.uk/ades/figi44/temp/convert-url-9f659ed2-de73-11ef-8622-12e2ea552ab2/node_stage_out.log",
        "title": "Tool log node_stage_out.log", "rel": "related", "type": "text/plain"}]},
        {"jobID": "6fa701cc-e1a2-11ef-b833-86a1f8f9b25e", "type": "process", "processID":
        "convert-url", "created": "2025-02-02T20:15:25.083Z", "started": "2025-02-02T20:15:25.083Z",
        "finished": "2025-02-03T10:01:01.292Z", "updated": "2025-02-03T10:01:00.733Z",
        "status": "failed", "message": "Unable to run the Service. The message returned
        back by the Service was the following: Execution failed", "links": [{"title":
        "Status location", "rel": "monitor", "type": "application/json", "href": "https://test.eodatahub.org.uk/ades/figi44/ogc-api/jobs/6fa701cc-e1a2-11ef-b833-86a1f8f9b25e"},
        {"href": "https://test.eodatahub.org.uk/ades/figi44/temp/convert-url-6fa701cc-e1a2-11ef-b833-86a1f8f9b25e/node_stage_in.log",
        "title": "Tool log node_stage_in.log", "rel": "related", "type": "text/plain"}]},
        {"jobID": "5104d2fe-e0d9-11ef-ab2e-86a1f8f9b25e", "type": "process", "processID":
        "convert-url", "created": "2025-02-01T20:15:44.860Z", "started": "2025-02-01T20:15:44.860Z",
        "finished": "2025-02-03T09:59:56.370Z", "updated": "2025-02-03T09:59:44.603Z",
        "status": "failed", "message": "Unable to run the Service. The message returned
        back by the Service was the following: Exception during execution...\nTraceback
        (most recent call last):\n  File \"/opt/zooservices_user/figi44/convert-url/service.py\",
        line 519, in convert_url\n    exit_status = runner.execute()\n  File \"/usr/local/lib/python3.8/dist-packages/zoo_calrissian_runner/__init__.py\",
        line 506, in execute\n    output = self.execution.get_output()\n  File \"/usr/local/lib/python3.8/dist-packages/pycalrissian-0.7.0-py3.8.egg/pycalrissian/execution.py\",
        line 84, in get_output\n    return json.load(staged_file)\n  File \"/usr/lib/python3.8/json/__init__.py\",
        line 293, in load\n    return loads(fp.read(),\n  File \"/usr/lib/python3.8/json/__init__.py\",
        line 357, in loads\n    return _default_decoder.decode(s)\n  File \"/usr/lib/python3.8/json/decoder.py\",
        line 337, in decode\n    obj, end = self.raw_decode(s, idx=_w(s, 0).end())\n  File
        \"/usr/lib/python3.8/json/decoder.py\", line 355, in raw_decode\n    raise
        JSONDecodeError(\"Expecting value\", s, err.value) from None\njson.decoder.JSONDecodeError:
        Expecting value: line 1 column 1 (char 0)\n\n", "links": [{"title": "Status
        location", "rel": "monitor", "type": "application/json", "href": "https://test.eodatahub.org.uk/ades/figi44/ogc-api/jobs/5104d2fe-e0d9-11ef-ab2e-86a1f8f9b25e"},
        {"href": "https://test.eodatahub.org.uk/ades/figi44/temp/convert-url-5104d2fe-e0d9-11ef-ab2e-86a1f8f9b25e/node_stage_in.log",
        "title": "Tool log node_stage_in.log", "rel": "related", "type": "text/plain"}]}],
        "links": [{"rel": "self", "type": "application/json", "href": "https://test.eodatahub.org.uk/ades/figi44/ogc-api/jobs"},
        {"rel": "prev", "type": "application/json", "href": "https://test.eodatahub.org.uk/ades/figi44/ogc-api/jobs?limit=10&skip=40"},
        {"rel": "next", "type": "application/json", "href": "https://test.eodatahub.org.uk/ades/figi44/ogc-api/jobs?limit=10&skip=60"}],
        "numberTotal": 10}'
    headers:
      Access-Control-Allow-Headers:
      - Content-Type,Authorization,Prefer
      Access-Control-Allow-Methods:
      - '*'
      Access-Control-Allow-Origin:
      - '*'
      Access-Control-Max-Age:
      - '1728000'
      Connection:
      - keep-alive
      Content-Type:
      - application/json;charset=UTF-8
      Date:
      - Fri, 07 Feb 2025 11:51:55 GMT
      Server:
      - nginx/1.27.0
      Transfer-Encoding:
      - chunked
      Via:
      - 1.1 79ba346413d83ce62db11c8d0b05c22c.cloudfront.net (CloudFront)
      X-Amz-Cf-Id:
      - kXkHdHoECrl5f1eJp621_XqX-n_t0ffgXH52gnA8q9d2o6EDCJgt5Q==
      X-Amz-Cf-Pop:
      - PRG50-C1
      X-Cache:
      - Miss from cloudfront
      content-encoding:
      - gzip
      vary:
      - accept-encoding
    status:
      code: 200
      message: OK
- request:
    body: null
    headers:
      Accept:
      - '*/*'
      Accept-Encoding:
      - gzip, deflate
      Connection:
      - keep-alive
      User-Agent:
      - python-requests/2.32.3
    method: GET
    uri: https://test.eodatahub.org.uk/ades/figi44/ogc-api/jobs?limit=10&skip=60&limit=10
  response:
    body:
      string: '{"jobs": [{"jobID": "d23d2bd0-e26b-11ef-abd3-86a1f8f9b25e", "type":
        "process", "processID": "convert-url", "created": "2025-02-03T20:16:59.405Z",
        "started": "2025-02-03T20:16:59.405Z", "finished": "2025-02-03T20:18:12.354Z",
        "updated": "2025-02-03T20:18:11.597Z", "status": "successful", "message":
        "ZOO-Kernel successfully run your service!", "links": [{"title": "Status location",
        "rel": "monitor", "type": "application/json", "href": "https://test.eodatahub.org.uk/ades/figi44/ogc-api/jobs/d23d2bd0-e26b-11ef-abd3-86a1f8f9b25e"},
        {"title": "Result location", "rel": "http://www.opengis.net/def/rel/ogc/1.0/results",
        "type": "application/json", "href": "https://test.eodatahub.org.uk/ades/figi44/ogc-api/jobs/d23d2bd0-e26b-11ef-abd3-86a1f8f9b25e/results"},
        {"href": "https://test.eodatahub.org.uk/ades/figi44/temp/convert-url-d23d2bd0-e26b-11ef-abd3-86a1f8f9b25e/node_stage_in.log",
        "title": "Tool log node_stage_in.log", "rel": "related", "type": "text/plain"},
        {"href": "https://test.eodatahub.org.uk/ades/figi44/temp/convert-url-d23d2bd0-e26b-11ef-abd3-86a1f8f9b25e/convert.log",
        "title": "Tool log convert.log", "rel": "related", "type": "text/plain"},
        {"href": "https://test.eodatahub.org.uk/ades/figi44/temp/convert-url-d23d2bd0-e26b-11ef-abd3-86a1f8f9b25e/node_stage_out.log",
        "title": "Tool log node_stage_out.log", "rel": "related", "type": "text/plain"}]},
        {"jobID": "6bd0315e-e2f6-11ef-b3aa-86a1f8f9b25e", "type": "process", "processID":
        "resize-urls", "created": "2025-02-04T12:49:07.899Z", "started": "2025-02-04T12:49:07.899Z",
        "finished": "2025-02-04T12:50:51.434Z", "updated": "2025-02-04T12:50:50.995Z",
        "status": "successful", "message": "ZOO-Kernel successfully run your service!",
        "links": [{"title": "Status location", "rel": "monitor", "type": "application/json",
        "href": "https://test.eodatahub.org.uk/ades/figi44/ogc-api/jobs/6bd0315e-e2f6-11ef-b3aa-86a1f8f9b25e"},
        {"title": "Result location", "rel": "http://www.opengis.net/def/rel/ogc/1.0/results",
        "type": "application/json", "href": "https://test.eodatahub.org.uk/ades/figi44/ogc-api/jobs/6bd0315e-e2f6-11ef-b3aa-86a1f8f9b25e/results"},
        {"href": "https://test.eodatahub.org.uk/ades/figi44/temp/resize-urls-6bd0315e-e2f6-11ef-b3aa-86a1f8f9b25e/node_stage_in.log",
        "title": "Tool log node_stage_in.log", "rel": "related", "type": "text/plain"},
        {"href": "https://test.eodatahub.org.uk/ades/figi44/temp/resize-urls-6bd0315e-e2f6-11ef-b3aa-86a1f8f9b25e/resize_process.log",
        "title": "Tool log resize_process.log", "rel": "related", "type": "text/plain"},
        {"href": "https://test.eodatahub.org.uk/ades/figi44/temp/resize-urls-6bd0315e-e2f6-11ef-b3aa-86a1f8f9b25e/resize_process_2.log",
        "title": "Tool log resize_process_2.log", "rel": "related", "type": "text/plain"},
        {"href": "https://test.eodatahub.org.uk/ades/figi44/temp/resize-urls-6bd0315e-e2f6-11ef-b3aa-86a1f8f9b25e/resize_make_stac.log",
        "title": "Tool log resize_make_stac.log", "rel": "related", "type": "text/plain"},
        {"href": "https://test.eodatahub.org.uk/ades/figi44/temp/resize-urls-6bd0315e-e2f6-11ef-b3aa-86a1f8f9b25e/node_stage_out.log",
        "title": "Tool log node_stage_out.log", "rel": "related", "type": "text/plain"}]},
        {"jobID": "c2bef424-e2f5-11ef-bc80-86a1f8f9b25e", "type": "process", "processID":
        "resize-urls", "created": "2025-02-04T12:44:24.098Z", "started": "2025-02-04T12:44:24.098Z",
        "finished": "2025-02-04T12:45:29.994Z", "updated": "2025-02-04T12:45:21.660Z",
        "status": "failed", "message": "Unable to run the Service. The message returned
        back by the Service was the following: Exception during execution...\nTraceback
        (most recent call last):\n  File \"/opt/zooservices_user/figi44/resize-urls/service.py\",
        line 519, in resize_urls\n    exit_status = runner.execute()\n  File \"/usr/local/lib/python3.8/dist-packages/zoo_calrissian_runner/__init__.py\",
        line 506, in execute\n    output = self.execution.get_output()\n  File \"/usr/local/lib/python3.8/dist-packages/pycalrissian-0.7.0-py3.8.egg/pycalrissian/execution.py\",
        line 84, in get_output\n    return json.load(staged_file)\n  File \"/usr/lib/python3.8/json/__init__.py\",
        line 293, in load\n    return loads(fp.read(),\n  File \"/usr/lib/python3.8/json/__init__.py\",
        line 357, in loads\n    return _default_decoder.decode(s)\n  File \"/usr/lib/python3.8/json/decoder.py\",
        line 337, in decode\n    obj, end = self.raw_decode(s, idx=_w(s, 0).end())\n  File
        \"/usr/lib/python3.8/json/decoder.py\", line 355, in raw_decode\n    raise
        JSONDecodeError(\"Expecting value\", s, err.value) from None\njson.decoder.JSONDecodeError:
        Expecting value: line 1 column 1 (char 0)\n\n", "links": [{"title": "Status
        location", "rel": "monitor", "type": "application/json", "href": "https://test.eodatahub.org.uk/ades/figi44/ogc-api/jobs/c2bef424-e2f5-11ef-bc80-86a1f8f9b25e"}]},
        {"jobID": "f3f99808-e2f2-11ef-b67b-86a1f8f9b25e", "type": "process", "processID":
        "resize-urls", "created": "2025-02-04T12:24:18.121Z", "started": "2025-02-04T12:24:18.121Z",
        "finished": "2025-02-04T12:25:27.233Z", "updated": "2025-02-04T12:25:15.801Z",
        "status": "failed", "message": "Unable to run the Service. The message returned
        back by the Service was the following: Exception during execution...\nTraceback
        (most recent call last):\n  File \"/opt/zooservices_user/figi44/resize-urls/service.py\",
        line 519, in resize_urls\n    exit_status = runner.execute()\n  File \"/usr/local/lib/python3.8/dist-packages/zoo_calrissian_runner/__init__.py\",
        line 506, in execute\n    output = self.execution.get_output()\n  File \"/usr/local/lib/python3.8/dist-packages/pycalrissian-0.7.0-py3.8.egg/pycalrissian/execution.py\",
        line 84, in get_output\n    return json.load(staged_file)\n  File \"/usr/lib/python3.8/json/__init__.py\",
        line 293, in load\n    return loads(fp.read(),\n  File \"/usr/lib/python3.8/json/__init__.py\",
        line 357, in loads\n    return _default_decoder.decode(s)\n  File \"/usr/lib/python3.8/json/decoder.py\",
        line 337, in decode\n    obj, end = self.raw_decode(s, idx=_w(s, 0).end())\n  File
        \"/usr/lib/python3.8/json/decoder.py\", line 355, in raw_decode\n    raise
        JSONDecodeError(\"Expecting value\", s, err.value) from None\njson.decoder.JSONDecodeError:
        Expecting value: line 1 column 1 (char 0)\n\n", "links": [{"title": "Status
        location", "rel": "monitor", "type": "application/json", "href": "https://test.eodatahub.org.uk/ades/figi44/ogc-api/jobs/f3f99808-e2f2-11ef-b67b-86a1f8f9b25e"}]},
        {"jobID": "730ab470-e2f2-11ef-8f13-86a1f8f9b25e", "type": "process", "processID":
        "resize-urls", "created": "2025-02-04T12:20:41.991Z", "started": "2025-02-04T12:20:41.991Z",
        "finished": "2025-02-04T12:20:44.624Z", "updated": "2025-02-04T12:20:44.312Z",
        "status": "failed", "message": "Unable to run the Service. The message returned
        back by the Service was the following: Exception during execution...\nTraceback
        (most recent call last):\n  File \"/opt/zooservices_user/figi44/resize-urls/service.py\",
        line 519, in resize_urls\n    exit_status = runner.execute()\n  File \"/usr/local/lib/python3.8/dist-packages/zoo_calrissian_runner/__init__.py\",
        line 399, in execute\n    if not (self.assert_parameters()):\n  File \"/usr/local/lib/python3.8/dist-packages/zoo_calrissian_runner/__init__.py\",
        line 390, in assert_parameters\n    return all(\n  File \"/usr/local/lib/python3.8/dist-packages/zoo_calrissian_runner/__init__.py\",
        line 391, in <genexpr>\n    elem in list(self.get_processing_parameters().keys())\n  File
        \"/usr/local/lib/python3.8/dist-packages/zoo_calrissian_runner/__init__.py\",
        line 382, in get_processing_parameters\n    return self.inputs.get_processing_parameters()\n  File
        \"/usr/local/lib/python3.8/dist-packages/zoo_calrissian_runner/__init__.py\",
        line 238, in get_processing_parameters\n    res[key]=value[\"value\"]\nKeyError:
        ''value''\n\n", "links": [{"title": "Status location", "rel": "monitor", "type":
        "application/json", "href": "https://test.eodatahub.org.uk/ades/figi44/ogc-api/jobs/730ab470-e2f2-11ef-8f13-86a1f8f9b25e"}]},
        {"jobID": "01807e82-e335-11ef-9aef-86a1f8f9b25e", "type": "process", "processID":
        "convert-url", "created": "2025-02-04T20:17:07.597Z", "started": "2025-02-04T20:17:07.597Z",
        "finished": "2025-02-04T20:18:45.354Z", "updated": "2025-02-04T20:18:44.863Z",
        "status": "successful", "message": "ZOO-Kernel successfully run your service!",
        "links": [{"title": "Status location", "rel": "monitor", "type": "application/json",
        "href": "https://test.eodatahub.org.uk/ades/figi44/ogc-api/jobs/01807e82-e335-11ef-9aef-86a1f8f9b25e"},
        {"title": "Result location", "rel": "http://www.opengis.net/def/rel/ogc/1.0/results",
        "type": "application/json", "href": "https://test.eodatahub.org.uk/ades/figi44/ogc-api/jobs/01807e82-e335-11ef-9aef-86a1f8f9b25e/results"},
        {"href": "https://test.eodatahub.org.uk/ades/figi44/temp/convert-url-01807e82-e335-11ef-9aef-86a1f8f9b25e/node_stage_in.log",
        "title": "Tool log node_stage_in.log", "rel": "related", "type": "text/plain"},
        {"href": "https://test.eodatahub.org.uk/ades/figi44/temp/convert-url-01807e82-e335-11ef-9aef-86a1f8f9b25e/convert.log",
        "title": "Tool log convert.log", "rel": "related", "type": "text/plain"},
        {"href": "https://test.eodatahub.org.uk/ades/figi44/temp/convert-url-01807e82-e335-11ef-9aef-86a1f8f9b25e/node_stage_out.log",
        "title": "Tool log node_stage_out.log", "rel": "related", "type": "text/plain"}]},
        {"jobID": "4455a47a-e3fe-11ef-9292-86a1f8f9b25e", "type": "process", "processID":
        "convert-url", "created": "2025-02-05T20:17:48.493Z", "started": "2025-02-05T20:17:48.493Z",
        "finished": "2025-02-05T20:19:31.403Z", "updated": "2025-02-05T20:19:30.949Z",
        "status": "successful", "message": "ZOO-Kernel successfully run your service!",
        "links": [{"title": "Status location", "rel": "monitor", "type": "application/json",
        "href": "https://test.eodatahub.org.uk/ades/figi44/ogc-api/jobs/4455a47a-e3fe-11ef-9292-86a1f8f9b25e"},
        {"title": "Result location", "rel": "http://www.opengis.net/def/rel/ogc/1.0/results",
        "type": "application/json", "href": "https://test.eodatahub.org.uk/ades/figi44/ogc-api/jobs/4455a47a-e3fe-11ef-9292-86a1f8f9b25e/results"},
        {"href": "https://test.eodatahub.org.uk/ades/figi44/temp/convert-url-4455a47a-e3fe-11ef-9292-86a1f8f9b25e/node_stage_in.log",
        "title": "Tool log node_stage_in.log", "rel": "related", "type": "text/plain"},
        {"href": "https://test.eodatahub.org.uk/ades/figi44/temp/convert-url-4455a47a-e3fe-11ef-9292-86a1f8f9b25e/convert.log",
        "title": "Tool log convert.log", "rel": "related", "type": "text/plain"},
        {"href": "https://test.eodatahub.org.uk/ades/figi44/temp/convert-url-4455a47a-e3fe-11ef-9292-86a1f8f9b25e/node_stage_out.log",
        "title": "Tool log node_stage_out.log", "rel": "related", "type": "text/plain"}]},
        {"jobID": "cf648cd2-e3bf-11ef-8307-86a1f8f9b25e", "type": "process", "processID":
        "resize-urls", "created": "2025-02-05T12:50:43.705Z", "started": "2025-02-05T12:50:43.705Z",
        "finished": "2025-02-05T12:51:52.556Z", "updated": "2025-02-05T12:51:41.626Z",
        "status": "failed", "message": "Unable to run the Service. The message returned
        back by the Service was the following: Exception during execution...\nTraceback
        (most recent call last):\n  File \"/opt/zooservices_user/figi44/resize-urls/service.py\",
        line 519, in resize_urls\n    exit_status = runner.execute()\n  File \"/usr/local/lib/python3.8/dist-packages/zoo_calrissian_runner/__init__.py\",
        line 506, in execute\n    output = self.execution.get_output()\n  File \"/usr/local/lib/python3.8/dist-packages/pycalrissian-0.7.0-py3.8.egg/pycalrissian/execution.py\",
        line 84, in get_output\n    return json.load(staged_file)\n  File \"/usr/lib/python3.8/json/__init__.py\",
        line 293, in load\n    return loads(fp.read(),\n  File \"/usr/lib/python3.8/json/__init__.py\",
        line 357, in loads\n    return _default_decoder.decode(s)\n  File \"/usr/lib/python3.8/json/decoder.py\",
        line 337, in decode\n    obj, end = self.raw_decode(s, idx=_w(s, 0).end())\n  File
        \"/usr/lib/python3.8/json/decoder.py\", line 355, in raw_decode\n    raise
        JSONDecodeError(\"Expecting value\", s, err.value) from None\njson.decoder.JSONDecodeError:
        Expecting value: line 1 column 1 (char 0)\n\n", "links": [{"title": "Status
        location", "rel": "monitor", "type": "application/json", "href": "https://test.eodatahub.org.uk/ades/figi44/ogc-api/jobs/cf648cd2-e3bf-11ef-8307-86a1f8f9b25e"}]},
        {"jobID": "144082b4-e3d1-11ef-a698-86a1f8f9b25e", "type": "process", "processID":
        "s1-coherence-d", "created": "2025-02-05T14:54:20.697Z", "started": "2025-02-05T14:54:20.697Z",
        "finished": "2025-02-05T15:20:07.646Z", "updated": "2025-02-05T15:20:07.222Z",
        "status": "failed", "message": "Unable to run the Service. The message returned
        back by the Service was the following: Execution failed", "links": [{"title":
        "Status location", "rel": "monitor", "type": "application/json", "href": "https://test.eodatahub.org.uk/ades/figi44/ogc-api/jobs/144082b4-e3d1-11ef-a698-86a1f8f9b25e"},
        {"href": "https://test.eodatahub.org.uk/ades/figi44/temp/s1-coherence-d-144082b4-e3d1-11ef-a698-86a1f8f9b25e/node_stage_in.log",
        "title": "Tool log node_stage_in.log", "rel": "related", "type": "text/plain"}]},
        {"jobID": "de683c0e-e44d-11ef-b526-86a1f8f9b25e", "type": "process", "processID":
        "s1-coherence-d", "created": "2025-02-06T05:47:37.390Z", "started": "2025-02-06T05:47:37.390Z",
        "finished": "2025-02-06T06:14:57.555Z", "updated": "2025-02-06T06:14:57.153Z",
        "status": "failed", "message": "Unable to run the Service. The message returned
        back by the Service was the following: Execution failed", "links": [{"title":
        "Status location", "rel": "monitor", "type": "application/json", "href": "https://test.eodatahub.org.uk/ades/figi44/ogc-api/jobs/de683c0e-e44d-11ef-b526-86a1f8f9b25e"},
        {"href": "https://test.eodatahub.org.uk/ades/figi44/temp/s1-coherence-d-de683c0e-e44d-11ef-b526-86a1f8f9b25e/node_stage_in.log",
        "title": "Tool log node_stage_in.log", "rel": "related", "type": "text/plain"}]}],
        "links": [{"rel": "self", "type": "application/json", "href": "https://test.eodatahub.org.uk/ades/figi44/ogc-api/jobs"},
        {"rel": "prev", "type": "application/json", "href": "https://test.eodatahub.org.uk/ades/figi44/ogc-api/jobs?limit=10&skip=50"},
        {"rel": "next", "type": "application/json", "href": "https://test.eodatahub.org.uk/ades/figi44/ogc-api/jobs?limit=10&skip=70"}],
        "numberTotal": 10}'
    headers:
      Access-Control-Allow-Headers:
      - Content-Type,Authorization,Prefer
      Access-Control-Allow-Methods:
      - '*'
      Access-Control-Allow-Origin:
      - '*'
      Access-Control-Max-Age:
      - '1728000'
      Connection:
      - keep-alive
      Content-Type:
      - application/json;charset=UTF-8
      Date:
      - Fri, 07 Feb 2025 11:51:57 GMT
      Server:
      - nginx/1.27.0
      Transfer-Encoding:
      - chunked
      Via:
      - 1.1 79ba346413d83ce62db11c8d0b05c22c.cloudfront.net (CloudFront)
      X-Amz-Cf-Id:
      - 1YaDMM8QG7u4kKEWFOh5YpX-0y9IaCkZnLPAsxUNQ71K4z24sff4dQ==
      X-Amz-Cf-Pop:
      - PRG50-C1
      X-Cache:
      - Miss from cloudfront
      content-encoding:
      - gzip
      vary:
      - accept-encoding
    status:
      code: 200
      message: OK
- request:
    body: null
    headers:
      Accept:
      - '*/*'
      Accept-Encoding:
      - gzip, deflate
      Connection:
      - keep-alive
      User-Agent:
      - python-requests/2.32.3
    method: GET
    uri: https://test.eodatahub.org.uk/ades/figi44/ogc-api/jobs?limit=10&skip=70&limit=10
  response:
    body:
      string: '{"jobs": [{"jobID": "54f21be6-e4c7-11ef-9c6b-86a1f8f9b25e", "type":
        "process", "processID": "convert-url", "created": "2025-02-06T20:17:05.302Z",
        "started": "2025-02-06T20:17:05.302Z", "finished": "2025-02-06T20:18:19.093Z",
        "updated": "2025-02-06T20:18:18.622Z", "status": "successful", "message":
        "ZOO-Kernel successfully run your service!", "links": [{"title": "Status location",
        "rel": "monitor", "type": "application/json", "href": "https://test.eodatahub.org.uk/ades/figi44/ogc-api/jobs/54f21be6-e4c7-11ef-9c6b-86a1f8f9b25e"},
        {"title": "Result location", "rel": "http://www.opengis.net/def/rel/ogc/1.0/results",
        "type": "application/json", "href": "https://test.eodatahub.org.uk/ades/figi44/ogc-api/jobs/54f21be6-e4c7-11ef-9c6b-86a1f8f9b25e/results"},
        {"href": "https://test.eodatahub.org.uk/ades/figi44/temp/convert-url-54f21be6-e4c7-11ef-9c6b-86a1f8f9b25e/node_stage_in.log",
        "title": "Tool log node_stage_in.log", "rel": "related", "type": "text/plain"},
        {"href": "https://test.eodatahub.org.uk/ades/figi44/temp/convert-url-54f21be6-e4c7-11ef-9c6b-86a1f8f9b25e/convert.log",
        "title": "Tool log convert.log", "rel": "related", "type": "text/plain"},
        {"href": "https://test.eodatahub.org.uk/ades/figi44/temp/convert-url-54f21be6-e4c7-11ef-9c6b-86a1f8f9b25e/node_stage_out.log",
        "title": "Tool log node_stage_out.log", "rel": "related", "type": "text/plain"}]}],
        "links": [{"rel": "self", "type": "application/json", "href": "https://test.eodatahub.org.uk/ades/figi44/ogc-api/jobs"},
        {"rel": "prev", "type": "application/json", "href": "https://test.eodatahub.org.uk/ades/figi44/ogc-api/jobs?limit=10&skip=60"}],
        "numberTotal": 1}'
    headers:
      Access-Control-Allow-Headers:
      - Content-Type,Authorization,Prefer
      Access-Control-Allow-Methods:
      - '*'
      Access-Control-Allow-Origin:
      - '*'
      Access-Control-Max-Age:
      - '1728000'
      Connection:
      - keep-alive
      Content-Type:
      - application/json;charset=UTF-8
      Date:
      - Fri, 07 Feb 2025 11:51:58 GMT
      Server:
      - nginx/1.27.0
      Transfer-Encoding:
      - chunked
      Via:
      - 1.1 0bb58964819755c192fe9c24c342bd1a.cloudfront.net (CloudFront)
      X-Amz-Cf-Id:
      - Y83kZHVUzpHAJM3GLt0gKFUkuzPjF5bMcWz3Pz4nAPqdWMCqLcLR2Q==
      X-Amz-Cf-Pop:
      - PRG50-C1
      X-Cache:
      - Miss from cloudfront
      content-encoding:
      - gzip
      vary:
      - accept-encoding
    status:
      code: 200
      message: OK
version: 1
