interactions:
- request:
    body: null
    headers:
      Accept:
      - '*/*'
      Accept-Encoding:
      - gzip, deflate
      Connection:
      - keep-alive
      User-Agent:
      - python-requests/2.32.3
    method: GET
    uri: https://test.eodatahub.org.uk/api/catalogue/stac
  response:
    body:
      string: '{"type":"Catalog","id":"stac-fastapi","title":"stac-fastapi-elasticsearch","description":"A
        STAC FastAPI with an Elasticsearch backend","stac_version":"1.0.0","conformsTo":["https://api.stacspec.org/v1.0.0/core","https://api.stacspec.org/v1.0.0/collections","http://www.opengis.net/spec/cql2/1.0/conf/advanced-comparison-operators","https://api.stacspec.org/v1.0.0-rc.1/core","http://www.opengis.net/spec/ogcapi-features-3/1.0/conf/filter","https://api.stacspec.org/v1.0.0-rc.1/collection-search","https://api.stacspec.org/v1.0.0-rc.1/collection-search#free-text","/discovery-search","/catalogues","http://www.opengis.net/spec/ogcapi-features-1/1.0/conf/oas30","https://api.stacspec.org/v1.0.0-rc.2/item-search#filter","http://www.opengis.net/spec/ogcapi-features-1/1.0/conf/core","http://www.opengis.net/spec/ogcapi-features-1/1.0/conf/geojson","http://www.opengis.net/spec/ogcapi-features-3/1.0/conf/features-filter","https://api.stacspec.org/v1.0.0/item-search#fields","http://www.opengis.net/spec/ogcapi-common-2/1.0/conf/simple-query","https://api.stacspec.org/v1.0.0/item-search#query","https://api.stacspec.org/v1.0.0/item-search","http://www.opengis.net/spec/cql2/1.0/conf/basic-cql2","https://api.stacspec.org/v1.0.0/item-search#sort","https://api.stacspec.org/v1.0.0/ogcapi-features","http://www.opengis.net/spec/cql2/1.0/conf/cql2-text","http://www.opengis.net/spec/cql2/1.0/conf/cql2-json","https://api.stacspec.org/v1.0.0-rc.2/item-search#context"],"links":[{"rel":"self","type":"application/json","href":"https://test.eodatahub.org.uk/api/catalogue/stac/"},{"rel":"root","type":"application/json","href":"https://test.eodatahub.org.uk/api/catalogue/stac/"},{"rel":"data","type":"application/json","href":"https://test.eodatahub.org.uk/api/catalogue/stac/collections"},{"rel":"conformance","type":"application/json","title":"STAC/WFS3
        conformance classes implemented by this server","href":"https://test.eodatahub.org.uk/api/catalogue/stac/conformance"},{"rel":"search","type":"application/geo+json","title":"STAC
        search","href":"https://test.eodatahub.org.uk/api/catalogue/stac/search","method":"GET"},{"rel":"search","type":"application/geo+json","title":"STAC
        search","href":"https://test.eodatahub.org.uk/api/catalogue/stac/search","method":"POST"},{"rel":"child","type":"application/json","title":"Supported
        Datasets","href":"https://test.eodatahub.org.uk/api/catalogue/stac/catalogs/supported-datasets"},{"rel":"child","type":"application/json","title":"User
        Datasets","href":"https://test.eodatahub.org.uk/api/catalogue/stac/catalogs/user-datasets"},{"rel":"service-desc","type":"application/vnd.oai.openapi+json;version=3.0","title":"OpenAPI
        service description","href":"https://test.eodatahub.org.uk/api/catalogue/stac/api"},{"rel":"service-doc","type":"text/html","title":"OpenAPI
        service documentation","href":"https://test.eodatahub.org.uk/api/catalogue/stac/api.html"}],"stac_extensions":[]}'
    headers:
      Access-Control-Allow-Headers:
      - Accept,Authorization,Content-Type
      Access-Control-Allow-Methods:
      - '*'
      Access-Control-Allow-Origin:
      - '*'
      Access-Control-Max-Age:
      - '1728000'
      Connection:
      - keep-alive
      Content-Length:
      - '685'
      Content-Type:
      - application/json
      Date:
      - Wed, 29 Jan 2025 20:01:35 GMT
      Server:
      - nginx/1.27.0
      Via:
      - 1.1 4b7022ec3e11edfdd972039992f837de.cloudfront.net (CloudFront)
      X-Amz-Cf-Id:
      - e43J5nJJNpDnOe8L6g5PK26rQPX5sZ2INKcywftT0tECTZuBzoA81w==
      X-Amz-Cf-Pop:
      - PRG50-C1
      X-Cache:
      - Miss from cloudfront
      cache-control:
      - max-age=300, stale-while-revalidate=300
      content-encoding:
      - gzip
      vary:
      - Accept-Encoding
    status:
      code: 200
      message: OK
- request:
    body: null
    headers:
      Accept:
      - '*/*'
      Accept-Encoding:
      - gzip, deflate
      Connection:
      - keep-alive
      User-Agent:
      - python-requests/2.32.3
    method: GET
    uri: https://test.eodatahub.org.uk/api/catalogue/stac/catalogs/supported-datasets/ceda-stac-catalogue
  response:
    body:
      string: '{"type":"Catalog","stac_version":"1.0.0","stac_extensions":[],"id":"ceda-stac-catalogue","title":"CEDA
        STAC API","description":"This is an experimental STAC API server.\nThe content
        is subject to change the and there is no guarantee surrounding its uptime.\n","links":[{"rel":"self","type":"application/json","href":"https://test.eodatahub.org.uk/api/catalogue/stac/catalogs/supported-datasets/ceda-stac-catalogue"},{"rel":"parent","type":"application/json","href":"https://test.eodatahub.org.uk/api/catalogue/stac/catalogs/supported-datasets"},{"rel":"root","type":"application/json","href":"https://test.eodatahub.org.uk/api/catalogue/stac/catalogs/supported-datasets/ceda-stac-catalogue"},{"rel":"conformance","type":"application/json","title":"STAC/WFS3
        conformance classes implemented by this server","href":"https://test.eodatahub.org.uk/api/catalogue/stac/conformance"},{"rel":"data","type":"application/json","href":"https://test.eodatahub.org.uk/api/catalogue/stac/catalogs/supported-datasets/ceda-stac-catalogue/collections"},{"rel":"data","type":"application/json","href":"https://test.eodatahub.org.uk/api/catalogue/stac/catalogs/supported-datasets/ceda-stac-catalogue/catalogs"},{"rel":"search","type":"application/json","href":"https://test.eodatahub.org.uk/api/catalogue/stac/catalogs/supported-datasets/ceda-stac-catalogue/search","method":"POST"},{"rel":"search","type":"application/geo+json","href":"https://test.eodatahub.org.uk/api/catalogue/stac/catalogs/supported-datasets/ceda-stac-catalogue/search","method":"GET"},{"rel":"child","type":"application/json","href":"https://test.eodatahub.org.uk/api/catalogue/stac/catalogs/supported-datasets/ceda-stac-catalogue/collections/cmip6"},{"rel":"child","type":"application/json","href":"https://test.eodatahub.org.uk/api/catalogue/stac/catalogs/supported-datasets/ceda-stac-catalogue/collections/sentinel1"},{"rel":"child","type":"application/json","href":"https://test.eodatahub.org.uk/api/catalogue/stac/catalogs/supported-datasets/ceda-stac-catalogue/collections/cordex"},{"rel":"child","type":"application/json","href":"https://test.eodatahub.org.uk/api/catalogue/stac/catalogs/supported-datasets/ceda-stac-catalogue/collections/eocis-sst-cdrv3-climatology"},{"rel":"child","type":"application/json","href":"https://test.eodatahub.org.uk/api/catalogue/stac/catalogs/supported-datasets/ceda-stac-catalogue/collections/land_cover"},{"rel":"child","type":"application/json","href":"https://test.eodatahub.org.uk/api/catalogue/stac/catalogs/supported-datasets/ceda-stac-catalogue/collections/eocis-sst-cdrv3"},{"rel":"child","type":"application/json","href":"https://test.eodatahub.org.uk/api/catalogue/stac/catalogs/supported-datasets/ceda-stac-catalogue/collections/ukcp"},{"rel":"child","type":"application/json","href":"https://test.eodatahub.org.uk/api/catalogue/stac/catalogs/supported-datasets/ceda-stac-catalogue/collections/sentinel2_ard"},{"rel":"child","type":"application/json","href":"https://test.eodatahub.org.uk/api/catalogue/stac/catalogs/supported-datasets/ceda-stac-catalogue/collections/eocis-lst-day"}],"conformsTo":["https://api.stacspec.org/v1.0.0/core","https://api.stacspec.org/v1.0.0/collections","http://www.opengis.net/spec/cql2/1.0/conf/advanced-comparison-operators","https://api.stacspec.org/v1.0.0-rc.1/core","http://www.opengis.net/spec/ogcapi-features-3/1.0/conf/filter","https://api.stacspec.org/v1.0.0-rc.1/collection-search","https://api.stacspec.org/v1.0.0-rc.1/collection-search#free-text","/discovery-search","/catalogues","http://www.opengis.net/spec/ogcapi-features-1/1.0/conf/oas30","https://api.stacspec.org/v1.0.0-rc.2/item-search#filter","http://www.opengis.net/spec/ogcapi-features-1/1.0/conf/core","http://www.opengis.net/spec/ogcapi-features-1/1.0/conf/geojson","http://www.opengis.net/spec/ogcapi-features-3/1.0/conf/features-filter","https://api.stacspec.org/v1.0.0/item-search#fields","http://www.opengis.net/spec/ogcapi-common-2/1.0/conf/simple-query","https://api.stacspec.org/v1.0.0/item-search#query","https://api.stacspec.org/v1.0.0/item-search","http://www.opengis.net/spec/cql2/1.0/conf/basic-cql2","https://api.stacspec.org/v1.0.0/item-search#sort","https://api.stacspec.org/v1.0.0/ogcapi-features","http://www.opengis.net/spec/cql2/1.0/conf/cql2-text","http://www.opengis.net/spec/cql2/1.0/conf/cql2-json","https://api.stacspec.org/v1.0.0-rc.2/item-search#context"]}'
    headers:
      Access-Control-Allow-Headers:
      - Accept,Authorization,Content-Type
      Access-Control-Allow-Methods:
      - '*'
      Access-Control-Allow-Origin:
      - '*'
      Access-Control-Max-Age:
      - '1728000'
      Connection:
      - keep-alive
      Content-Length:
      - '739'
      Content-Type:
      - application/json
      Date:
      - Wed, 29 Jan 2025 20:01:35 GMT
      Server:
      - nginx/1.27.0
      Via:
      - 1.1 b5f551be30f63eca57ca04273cb75994.cloudfront.net (CloudFront)
      X-Amz-Cf-Id:
      - leRBQbaWd8FJ103_NXYIgIGFHXz4ZQkeZzK5pzx0MCFQJ23dPXkHHw==
      X-Amz-Cf-Pop:
      - PRG50-C1
      X-Cache:
      - Miss from cloudfront
      cache-control:
      - max-age=300, stale-while-revalidate=300
      content-encoding:
      - gzip
      vary:
      - Accept-Encoding
    status:
      code: 200
      message: OK
- request:
    body: null
    headers:
      Accept:
      - '*/*'
      Accept-Encoding:
      - gzip, deflate
      Connection:
      - keep-alive
      User-Agent:
      - python-requests/2.32.3
    method: GET
    uri: https://test.eodatahub.org.uk/api/catalogue/stac/catalogs/supported-datasets/ceda-stac-catalogue/collections
  response:
    body:
      string: '{"collections":[{"type":"Collection","stac_version":"1.0.0","stac_extensions":[],"id":"ukcp","title":"UKCP","description":"UKCP","links":[{"rel":"self","type":"application/json","href":"https://test.eodatahub.org.uk/api/catalogue/stac/catalogs/supported-datasets/ceda-stac-catalogue/collections/ukcp"},{"rel":"parent","type":"application/json","href":"https://test.eodatahub.org.uk/api/catalogue/stac/catalogs/supported-datasets/ceda-stac-catalogue"},{"rel":"items","type":"application/geo+json","href":"https://test.eodatahub.org.uk/api/catalogue/stac/catalogs/supported-datasets/ceda-stac-catalogue/collections/ukcp/items"},{"rel":"root","type":"application/json","href":"https://test.eodatahub.org.uk/api/catalogue/stac/catalogs/supported-datasets/ceda-stac-catalogue"},{"rel":"aggregate","type":"application/json","href":"https://test.eodatahub.org.uk/ceda-stac-catalogue/collections/ukcp/aggregate"},{"rel":"aggregations","type":"application/json","href":"https://test.eodatahub.org.uk/ceda-stac-catalogue/collections/ukcp/aggregations"},{"rel":"queryables","type":"application/json","href":"https://test.eodatahub.org.uk/ceda-stac-catalogue/collections/ukcp/queryables"}],"keywords":[],"license":"OGL-UK-3.0","providers":[],"extent":{"spatial":{"bbox":[[-12.773760091513395,49.313714699819684,3.4064378030598164,60.526678590103984]]},"temporal":{"interval":[["2060-12-01T12:00:00.000Z","2080-11-30T12:00:00.000Z"]]}},"summaries":{"Conventions":["CF-1.7"],"references":["https://ukclimateprojections.metoffice.gov.uk"],"variable_long_name":["Cloud
        area fraction"],"dataset_id":["ukcp.land-cpm.uk.5km.rcp85.01.clt.day.v20210615"],"variable_units":["%"],"project":["UKCP18"],"cf_standard_name":["cloud_area_fraction"],"collection":["land-cpm"],"resolution":["5km"],"version":["v20210615"],"frequency":["day"],"institution":["Met
        Office Hadley Centre (MOHC), FitzRoy Road, Exeter, Devon, EX1 3PB, UK."],"scenario":["rcp85"],"domain":["uk"],"kerchunk_url":["https://kerchunk.ceda.ac.uk/ukcp.land-cpm.uk.5km.rcp85.01.clt.day.v20210615.json"],"var_id":["clt"]},"assets":{}},{"type":"Collection","stac_version":"1.0.0","stac_extensions":["https://stac-extensions.github.io/render/v1.0.0/schema.json"],"id":"sentinel2_ard","title":"sentinel
        2 ARD","description":"sentinel 2 ARD","links":[{"rel":"self","type":"application/json","href":"https://test.eodatahub.org.uk/api/catalogue/stac/catalogs/supported-datasets/ceda-stac-catalogue/collections/sentinel2_ard"},{"rel":"parent","type":"application/json","href":"https://test.eodatahub.org.uk/api/catalogue/stac/catalogs/supported-datasets/ceda-stac-catalogue"},{"rel":"items","type":"application/geo+json","href":"https://test.eodatahub.org.uk/api/catalogue/stac/catalogs/supported-datasets/ceda-stac-catalogue/collections/sentinel2_ard/items"},{"rel":"root","type":"application/json","href":"https://test.eodatahub.org.uk/api/catalogue/stac/catalogs/supported-datasets/ceda-stac-catalogue"},{"rel":"aggregate","type":"application/json","href":"https://test.eodatahub.org.uk/collections/sentinel2_ard/aggregate"},{"rel":"aggregations","type":"application/json","href":"https://test.eodatahub.org.uk/collections/sentinel2_ard/aggregations"},{"rel":"queryables","type":"application/json","href":"https://test.eodatahub.org.uk/collections/sentinel2_ard/queryables"}],"keywords":[],"license":"OGL-UK-3.0","providers":[],"extent":{"spatial":{"bbox":[[-9.00034454651177,49.48562028352171,3.1494256015866995,61.33444247301668]]},"temporal":{"interval":[["2023-01-01T11:14:51.000Z","2023-11-01T11:43:49.000Z"]]}},"summaries":{"Instrument
        Family Name Abbreviation":["MSI"],"NSSDC Identifier":["2015-000A"],"Start
        Orbit Number":["030408","030422","030436","030465","030479","030508","030522","030551","030565","030579","030608","030622","030651","030665","030694","030708","030722","030751","030765","030794","030808","030837","030851","030865","030908","030937","030951","030994","031008","031037","031051","031080","031094","031123","031137","031151","031180","031194","031223","031237","031266","031280","031294","031323","031337","031366","031380","031409","031423","031437","031466","031480","031509","031523","031552","031566","031580","031609","031623","031666","031709","031723","031766","031795","031809","031838","031852","031866","031895","031938","031952","031981","031995","032009","032038","032052","032081","032095","032124","032138","032152","032181","032195","032224","032238","032281","032295","032324","032338","032367","032381","032410","032424","032438","032467","032481","032510","032524","032553","032567"],"Instrument
        Family Name":["Multi-Spectral Instrument"],"Platform Number":["2A","2B"],"Start
        Relative Orbit Number":["023","037","066","080","094","123","137"],"Ground
        Tracking Direction":["ascending","descending"]},"assets":{},"renders":{"rgb":{"title":"RGB","assets":["cog"],"bidx":[1,2,3],"rescale":[[0,100],[0,100],[0,100]],"resampling":"nearest","tilematrixsets":{"WebMercatorQuad":[0,30]}}}},{"type":"Collection","stac_version":"1.0.0","stac_extensions":[],"id":"sentinel1","title":"Sentinel
        1","description":"Sentinel 1","links":[{"rel":"self","type":"application/json","href":"https://test.eodatahub.org.uk/api/catalogue/stac/catalogs/supported-datasets/ceda-stac-catalogue/collections/sentinel1"},{"rel":"parent","type":"application/json","href":"https://test.eodatahub.org.uk/api/catalogue/stac/catalogs/supported-datasets/ceda-stac-catalogue"},{"rel":"items","type":"application/geo+json","href":"https://test.eodatahub.org.uk/api/catalogue/stac/catalogs/supported-datasets/ceda-stac-catalogue/collections/sentinel1/items"},{"rel":"root","type":"application/json","href":"https://test.eodatahub.org.uk/api/catalogue/stac/catalogs/supported-datasets/ceda-stac-catalogue"},{"rel":"aggregate","type":"application/json","href":"https://test.eodatahub.org.uk/collections/sentinel1/aggregate"},{"rel":"aggregations","type":"application/json","href":"https://test.eodatahub.org.uk/collections/sentinel1/aggregations"},{"rel":"queryables","type":"application/json","href":"https://test.eodatahub.org.uk/collections/sentinel1/queryables"},{"rel":"license","href":"https://test.eodatahub.org.uk/documents/247904/690755/Sentinel_Data_Legal_Notice","type":"application/pdf"}],"keywords":[],"license":"other","providers":[],"extent":{"spatial":{"bbox":[[-179.94758603163064,-78.66569502744824,179.92842097766697,84.84179698862135]]},"temporal":{"interval":[["2023-05-01T00:13:25.000Z","2023-05-31T23:47:51.000Z"]]}},"summaries":{"product_version":["v3"],"processing_software":["IPF"],"NSSDC
        Identifier":["2014-016A"],"processing_level":["L1"],"Instrument Family Name":["Synthetic
        Aperture Radar"],"Total Slices":["0","1","10","11","12","13","14","15","16","17","18","19","2","20","21","22","23","24","25","26","27","28","29","3","30","31","34","35","4","5","6","7","8","9"],"Orbit
        Direction":["ASCENDING","DESCENDING"],"Platform Number":["A"],"platform":["sentinel1a"],"instrument_mode":["IW"],"Slice
        Number":["0","1","10","11","12","13","14","15","16","17","18","19","2","20","21","22","23","24","25","26","27","28","29","3","30","31","32","33","34","35","4","5","6","7","8","9"],"product_type":["SLC"],"Instrument
        Family Name Abbreviation":["SAR"],"Start Orbit Number":["48333","48334","48335","48336","48337","48338","48339","48340","48341","48342","48343","48344","48345","48346","48347","48348","48349","48350","48351","48352","48353","48354","48355","48356","48357","48358","48359","48360","48361","48362","48363","48364","48365","48366","48367","48368","48369","48370","48371","48372","48373","48374","48375","48376","48377","48378","48379","48380","48381","48382","48383","48384","48385","48386","48387","48388","48389","48390","48391","48392","48393","48394","48395","48396","48397","48398","48399","48400","48401","48402","48403","48404","48405","48406","48407","48408","48409","48410","48411","48412","48413","48414","48415","48416","48417","48418","48419","48420","48421","48422","48423","48424","48425","48426","48427","48428","48429","48430","48431","48432"],"Polarisation":["HH","HV","VH","VV"],"orbit":["048333","048334","048335","048336","048337","048338","048339","048340","048341","048342","048343","048344","048345","048346","048347","048348","048349","048350","048351","048352","048353","048354","048355","048356","048357","048358","048359","048360","048361","048362","048363","048364","048365","048366","048367","048368","048369","048370","048371","048372","048373","048374","048375","048376","048377","048378","048379","048380","048381","048382","048383","048384","048385","048386","048387","048388","048389","048390","048391","048392","048393","048394","048395","048396","048397","048398","048399","048400","048401","048402","048403","048404","048405","048406","048407","048408","048409","048410","048411","048412","048413","048414","048415","048416","048417","048418","048419","048420","048421","048422","048423","048424","048425","048426","048427","048428","048429","048430","048431","048432"],"Start
        Relative Orbit Number":["1","10","100","101","102","103","104","105","106","107","108","109","11","110","111","112","113","114","115","116","117","118","119","12","120","121","122","123","124","125","126","127","128","129","13","130","131","132","133","134","135","136","137","138","139","14","140","141","142","143","144","145","146","147","148","149","15","150","151","152","153","154","155","156","157","158","159","16","160","161","162","163","164","165","166","167","168","169","17","170","171","172","173","174","175","18","19","2","20","21","22","23","24","25","26","27","28","29","3","30"],"Processing
        Version":["003.61"],"Instrument Mode":["IW"],"EPSG":["4326"]},"assets":{}},{"type":"Collection","stac_version":"1.0.0","stac_extensions":[],"id":"land_cover","title":"Land
        Cover","description":"Land Cover","links":[{"rel":"self","type":"application/json","href":"https://test.eodatahub.org.uk/api/catalogue/stac/catalogs/supported-datasets/ceda-stac-catalogue/collections/land_cover"},{"rel":"parent","type":"application/json","href":"https://test.eodatahub.org.uk/api/catalogue/stac/catalogs/supported-datasets/ceda-stac-catalogue"},{"rel":"items","type":"application/geo+json","href":"https://test.eodatahub.org.uk/api/catalogue/stac/catalogs/supported-datasets/ceda-stac-catalogue/collections/land_cover/items"},{"rel":"root","type":"application/json","href":"https://test.eodatahub.org.uk/api/catalogue/stac/catalogs/supported-datasets/ceda-stac-catalogue"},{"rel":"aggregate","type":"application/json","href":"https://test.eodatahub.org.uk/ceda-stac-catalogue/collections/land_cover/aggregate"},{"rel":"aggregations","type":"application/json","href":"https://test.eodatahub.org.uk/ceda-stac-catalogue/collections/land_cover/aggregations"},{"rel":"queryables","type":"application/json","href":"https://test.eodatahub.org.uk/ceda-stac-catalogue/collections/land_cover/queryables"}],"keywords":[],"license":"No
        License","providers":[],"extent":{"spatial":{"bbox":[[-180.0,-90.0,180.0,90.0]]},"temporal":{"interval":[["1992-01-01T00:00:00Z","2015-12-31T00:00:00Z"]]}},"summaries":{},"assets":{}},{"type":"Collection","stac_version":"1.0.0","stac_extensions":["https://stac-extensions.github.io/cf/v0.2.0/schema.json"],"id":"eocis-sst-cdrv3-climatology","title":"ESA
        SST CCI Climatology v3.0","description":"ESA SST CCI Climatology v3.0","links":[{"rel":"self","type":"application/json","href":"https://test.eodatahub.org.uk/api/catalogue/stac/catalogs/supported-datasets/ceda-stac-catalogue/collections/eocis-sst-cdrv3-climatology"},{"rel":"parent","type":"application/json","href":"https://test.eodatahub.org.uk/api/catalogue/stac/catalogs/supported-datasets/ceda-stac-catalogue"},{"rel":"items","type":"application/geo+json","href":"https://test.eodatahub.org.uk/api/catalogue/stac/catalogs/supported-datasets/ceda-stac-catalogue/collections/eocis-sst-cdrv3-climatology/items"},{"rel":"root","type":"application/json","href":"https://test.eodatahub.org.uk/api/catalogue/stac/catalogs/supported-datasets/ceda-stac-catalogue"},{"rel":"aggregate","type":"application/json","href":"https://test.eodatahub.org.uk/ceda-stac-catalogue/collections/eocis-sst-cdrv3-climatology/aggregate"},{"rel":"aggregations","type":"application/json","href":"https://test.eodatahub.org.uk/ceda-stac-catalogue/collections/eocis-sst-cdrv3-climatology/aggregations"},{"rel":"queryables","type":"application/json","href":"https://test.eodatahub.org.uk/ceda-stac-catalogue/collections/eocis-sst-cdrv3-climatology/queryables"}],"keywords":[],"license":"proprietary","providers":[],"extent":{"spatial":{"bbox":[[-180.0,-90.0,180.0,90.0]]},"temporal":{"interval":[["1991-01-01T00:00:00Z","2000-01-06T00:00:00Z"]]}},"summaries":{},"assets":{}},{"type":"Collection","stac_version":"1.0.0","stac_extensions":["https://stac-extensions.github.io/datacube/v2.2.0/schema.json","https://stac-extensions.github.io/scientific/v1.0.0/schema.json"],"id":"eocis-sst-cdrv3","title":"EOCIS
        Sea-Surface Temperatures V3","description":"This dataset provides daily estimates
        of global sea surface temperature (SST) based on observations from multiple
        satellite sensors. Resolution: 5km.  Available from 1980 onwards.","links":[{"rel":"self","type":"application/json","href":"https://test.eodatahub.org.uk/api/catalogue/stac/catalogs/supported-datasets/ceda-stac-catalogue/collections/eocis-sst-cdrv3"},{"rel":"parent","type":"application/json","href":"https://test.eodatahub.org.uk/api/catalogue/stac/catalogs/supported-datasets/ceda-stac-catalogue"},{"rel":"items","type":"application/geo+json","href":"https://test.eodatahub.org.uk/api/catalogue/stac/catalogs/supported-datasets/ceda-stac-catalogue/collections/eocis-sst-cdrv3/items"},{"rel":"root","type":"application/json","href":"https://test.eodatahub.org.uk/api/catalogue/stac/catalogs/supported-datasets/ceda-stac-catalogue"},{"rel":"aggregate","type":"application/json","href":"https://test.eodatahub.org.uk/ceda-stac-catalogue/collections/eocis-sst-cdrv3/aggregate"},{"rel":"aggregations","type":"application/json","href":"https://test.eodatahub.org.uk/ceda-stac-catalogue/collections/eocis-sst-cdrv3/aggregations"},{"rel":"queryables","type":"application/json","href":"https://test.eodatahub.org.uk/ceda-stac-catalogue/collections/eocis-sst-cdrv3/queryables"}],"keywords":["Oceans","Ocean
        Temperature","Sea Surface Temperature"],"license":"cc-by-4.0","providers":[],"extent":{"spatial":{"bbox":[[-180.0,-90.0,180.0,90.0]]},"temporal":{"interval":[["1980-01-01T12:00:00Z","2024-03-31T12:00:00Z"]]}},"summaries":{},"assets":{"thumbnail":{"href":"https://eocis.org/data/sst-cdrv3-kerchunk/2024/03/20240331120000-ESACCI-L4_GHRSST-SSTdepth-OSTIA-GLOB_ICDR3.0-v02.0-fv01.0.png","type":"image/png","roles":["thumbnail"]}}},{"type":"Collection","stac_version":"1.0.0","stac_extensions":["https://stac-extensions.github.io/datacube/v2.2.0/schema.json","https://stac-extensions.github.io/scientific/v1.0.0/schema.json"],"id":"eocis-lst-day","title":"EOCIS
        land surface temperature daytime data at product level L3C from Sea and Land
        Surface Temperature Radiometer A and B.","description":"This collection contains
        datasets of level L3C global land surface temperature from the SLSTR sensor
        on board Sentinel 3A and Sentinel 3B observed daily during daytime.   The
        collection is available from 2016-05-01.","links":[{"rel":"self","type":"application/json","href":"https://test.eodatahub.org.uk/api/catalogue/stac/catalogs/supported-datasets/ceda-stac-catalogue/collections/eocis-lst-day"},{"rel":"parent","type":"application/json","href":"https://test.eodatahub.org.uk/api/catalogue/stac/catalogs/supported-datasets/ceda-stac-catalogue"},{"rel":"items","type":"application/geo+json","href":"https://test.eodatahub.org.uk/api/catalogue/stac/catalogs/supported-datasets/ceda-stac-catalogue/collections/eocis-lst-day/items"},{"rel":"root","type":"application/json","href":"https://test.eodatahub.org.uk/api/catalogue/stac/catalogs/supported-datasets/ceda-stac-catalogue"},{"rel":"aggregate","type":"application/json","href":"https://test.eodatahub.org.uk/collections/eocis-lst-day/aggregate"},{"rel":"aggregations","type":"application/json","href":"https://test.eodatahub.org.uk/collections/eocis-lst-day/aggregations"},{"rel":"queryables","type":"application/json","href":"https://test.eodatahub.org.uk/collections/eocis-lst-day/queryables"}],"keywords":["Earth
        Science","Land Surface","Land Temperature","Land Surface Temperature","Global","Sentinel","ESA","EOCIS","Satellite","Imagery","Thermal"],"license":"cc-by-4.0","providers":[{"name":"University
        of Leicester Surface Temperature Group","roles":["producer"],"url":"https://le.ac.uk/physics/research/earth-observation-science/remote-sensing-of-land-surface"},{"name":"Earth
        Observation Climate Information Service (EOCIS)","roles":["producer"],"url":"https://eocis.org"},{"name":"Centre
        for Environmental Data Analysis (CEDA)","roles":["host"],"url":"https://ceda.ac.uk"}],"extent":{"spatial":{"bbox":[[-179.9949951171875,-89.99500274658203,179.9949951171875,89.99498748779297]]},"temporal":{"interval":[["2022-01-01T00:00:00Z","2022-12-31T00:00:00Z"]]}},"summaries":{},"assets":{"thumbnail":{"href":"https://eocis.org/data/eocis-lst-day-kerchunk/2022/12/EOCIS_-LST-L3C-LST-SLSTRB-0.01deg_1DAILY_DAY-20221231000000-fv4.00.png","type":"image/png","roles":["thumbnail"]}}},{"type":"Collection","stac_version":"1.0.0","stac_extensions":[],"id":"cordex","title":"CORDEX","description":"CORDEX","links":[{"rel":"self","type":"application/json","href":"https://test.eodatahub.org.uk/api/catalogue/stac/catalogs/supported-datasets/ceda-stac-catalogue/collections/cordex"},{"rel":"parent","type":"application/json","href":"https://test.eodatahub.org.uk/api/catalogue/stac/catalogs/supported-datasets/ceda-stac-catalogue"},{"rel":"items","type":"application/geo+json","href":"https://test.eodatahub.org.uk/api/catalogue/stac/catalogs/supported-datasets/ceda-stac-catalogue/collections/cordex/items"},{"rel":"root","type":"application/json","href":"https://test.eodatahub.org.uk/api/catalogue/stac/catalogs/supported-datasets/ceda-stac-catalogue"},{"rel":"aggregate","type":"application/json","href":"https://test.eodatahub.org.uk/ceda-stac-catalogue/collections/cordex/aggregate"},{"rel":"aggregations","type":"application/json","href":"https://test.eodatahub.org.uk/ceda-stac-catalogue/collections/cordex/aggregations"},{"rel":"queryables","type":"application/json","href":"https://test.eodatahub.org.uk/ceda-stac-catalogue/collections/cordex/queryables"}],"keywords":[],"license":"cc-by-4.0","providers":[],"extent":{"spatial":{"bbox":[[-44.744885293766856,21.917300317436457,64.96437773108482,72.63994894456118]]},"temporal":{"interval":[["1951-12-01T00:00:00.000Z","2100-12-31T21:00:00.000Z"]]}},"summaries":{"product":["output"],"time_frequency":["3hr","day"],"variable_long_name":["Daily
        Maximum Near-Surface Air Temperature","Daily Minimum Near-Surface Air Temperature","Eastward
        Near-Surface Wind","Near-Surface Air Temperature","Near-Surface Relative Humidity","Near-Surface
        Specific Humidity","Near-Surface Wind Speed","Northward Near-Surface Wind","Precipitation","Sea
        Level Pressure","Snowfall Flux","Surface Downwelling Longwave Radiation","Surface
        Downwelling Shortwave Radiation","Surface Snow Amount","Surface Upwelling
        Longwave Radiation","Surface Upwelling Shortwave Radiation","Total Cloud Fraction"],"driving_model":["CNRM-CERFACS-CNRM-CM5","ECMWF-ERAINT","MOHC-HadGEM2-ES","MPI-M-MPI-ESM-LR","NCC-NorESM1-M"],"variable_units":["%","1","K","Pa","W
        m-2","kg m-2","kg m-2 s-1","m s-1"],"driving_experiment_name":["evaluation","historical","rcp26","rcp85"],"project":["CORDEX"],"ensemble":["r1i1p1"],"cf_standard_name":["air_pressure_at_sea_level","air_temperature","cloud_area_fraction","eastward_wind","northward_wind","precipitation_flux","relative_humidity","snowfall_flux","specific_humidity","surface_downwelling_longwave_flux_in_air","surface_downwelling_shortwave_flux_in_air","surface_snow_amount","surface_upwelling_longwave_flux_in_air","surface_upwelling_shortwave_flux_in_air","wind_speed"],"experiment_familys":[],"rcm_name":["MOHC-HadREM3-GA7-05"],"experiment":["evaluation","historical","rcp26","rcp85"],"domain":["EUR-11"],"institute":["MOHC"],"var_id":[],"rcm_version_id":[]},"assets":{}},{"type":"Collection","stac_version":"1.0.0","stac_extensions":[],"id":"cmip6","title":"CMIP6","description":"CMIP6","links":[{"rel":"self","type":"application/json","href":"https://test.eodatahub.org.uk/api/catalogue/stac/catalogs/supported-datasets/ceda-stac-catalogue/collections/cmip6"},{"rel":"parent","type":"application/json","href":"https://test.eodatahub.org.uk/api/catalogue/stac/catalogs/supported-datasets/ceda-stac-catalogue"},{"rel":"items","type":"application/geo+json","href":"https://test.eodatahub.org.uk/api/catalogue/stac/catalogs/supported-datasets/ceda-stac-catalogue/collections/cmip6/items"},{"rel":"root","type":"application/json","href":"https://test.eodatahub.org.uk/api/catalogue/stac/catalogs/supported-datasets/ceda-stac-catalogue"},{"rel":"aggregate","type":"application/json","href":"https://test.eodatahub.org.uk/ceda-stac-catalogue/collections/cmip6/aggregate"},{"rel":"aggregations","type":"application/json","href":"https://test.eodatahub.org.uk/ceda-stac-catalogue/collections/cmip6/aggregations"},{"rel":"queryables","type":"application/json","href":"https://test.eodatahub.org.uk/ceda-stac-catalogue/collections/cmip6/queryables"}],"keywords":[],"license":"cmip6","providers":[],"extent":{"spatial":{"bbox":[[-180.0,-90.0,179.99999991618097,89.99999995809048]]},"temporal":{"interval":[["1850-01-01T00:00:00.000Z","4114-12-16T12:00:00.000Z"]]}},"summaries":{"experiment_title":["SSP-based
        RCP scenario with high radiative forcing by the end of century. Following
        approximately RCP8.5 global forcing pathway with SSP5 socioeconomic conditions.
        Concentration-driven.","SSP-based RCP scenario with medium radiative forcing
        by the end of the century.  Following approximately RCP4.5 global forcing
        pathway with SSP2 socioeconomic conditions. Radiative forcing reaches a level
        of 4.5 W/m2 in 2100. Concentration-driven.","Simulation of recent past (1850
        to 2014). Impose changing conditions (consistent with observations). Should
        be initialised from a point early enough in the pre-industrial control run
        to ensure that the end of all the perturbed runs branching from the end of
        this historical run end before the end of the control. Only one ensemble member
        is requested but modelling groups are strongly encouraged to submit at least
        three ensemble members of their CMIP historical simulation. ","all-forcing
        simulation of the recent past","all-forcing simulation of the recent past                                                                               ","historical","low-end
        scenario reaching 1.9 W m-2, based on SSP1","update of RCP2.6 based on SSP1","update
        of RCP4.5 based on SSP2","update of RCP8.5 based on SSP5"],"data_specs_version":["01.00.21","01.00.23","01.00.27","01.00.28","01.00.29","01.00.30","01.00.31","01.00.32","01.00.33"],"variable_units":["%","1","K","Pa","W
        m-2","kg m-2","kg m-2 s-1","m s-1"],"table_id":["3hr","Amon","CF3hr","E3hr","day"],"institution_id":["AS-RCEC","AWI","BCC","CAMS","CAS","CCCR-IITM","CCCma","CMCC","CNRM-CERFACS","CSIRO","CSIRO-ARCCSS","DKRZ","E3SM-Project","EC-Earth-Consortium","FIO-QLNM","HAMMOZ-Consortium","INM","IPSL","KIOST","MIROC","MOHC","MPI-M","MRI","NASA-GISS","NCAR","NCC","NIMS-KMA","NOAA-GFDL","NUIST","SNU","THU","UA"],"frequency":["3hr","3hrPt","day","mon","monC"],"variant_label":["r1i1000p1f2","r1i1p1f1","r1i1p1f2","r1i1p1f3","r1i1p2f1"],"variable_id":["clt","hurs","huss","pr","prsn","psl","rlds","rlus","rsds","rss","rsus","sfcWind","snw","tas","tasmax","tasmin","uas","vas"],"activity_id":["CMIP","ScenarioMIP"],"var_id":[],"sub_experiment_id":["none"],"mip_era":["CMIP6"],"physics_index":[],"experiment_id":["historical","ssp119","ssp126","ssp245","ssp585"],"variable_long_name":["Daily
        Maximum Near-Surface Air Temperature","Daily Minimum Near-Surface Air Temperature","Daily-Mean
        Near-Surface Wind Speed","Eastward Near-Surface Wind","Eastward Near-Surface
        Wind                            ","Eastward Near-Surface Wind Speed","Near-Surface
        Air Temperature","Near-Surface Air Temperature                          ","Near-Surface
        Relative Humidity","Near-Surface Relative Humidity                        ","Near-Surface
        Specific Humidity","Near-Surface Specific Humidity                        ","Near-Surface
        Wind Speed","Net Shortwave Surface Radiation","Northward Near-Surface Wind","Northward
        Near-Surface Wind                           ","Northward Near-Surface Wind
        Speed","Precipitation","Precipitation                                         ","Sea
        Level Pressure","Sea Level Pressure                                    ","Snowfall
        Flux","Snowfall Flux                                         ","Surface Downwelling
        Longwave Radiation","Surface Downwelling Shortwave Radiation","Surface Snow
        Amount","Surface Upwelling Longwave Radiation","Surface Upwelling Shortwave
        Radiation","Total Cloud Cover Percentage","Total Cloud Fraction"],"source_type":["AER
        AOGCM CHEM","AER CHEM BGC","AGCM","AOGCM","AOGCM AER","AOGCM AER BGC","AOGCM
        AER BGC CHEM","AOGCM AER CHEM","AOGCM AER CHEM BGC","AOGCM BGC","AOGCM BGC
        AER","AOGCM BGC AER CHEM","AOGCM BGC CHEM AER"],"cf_standard_name":["air_pressure_at_mean_sea_level","air_pressure_at_sea_level","air_temperature","cloud_area_fraction","eastward_wind","northward_wind","precipitation_flux","relative_humidity","snowfall_flux","specific_humidity","surface_downwelling_longwave_flux_in_air","surface_downwelling_shortwave_flux_in_air","surface_net_downward_shortwave_flux","surface_snow_amount","surface_upwelling_longwave_flux_in_air","surface_upwelling_shortwave_flux_in_air","wind_speed"],"version":[],"realization_index":[],"instance_id":["CMIP6.CMIP.AS-RCEC.TaiESM1.historical.r1i1p1f1.3hr.clt.gn.v20201013","CMIP6.CMIP.AS-RCEC.TaiESM1.historical.r1i1p1f1.3hr.huss.gn.v20201013","CMIP6.CMIP.AS-RCEC.TaiESM1.historical.r1i1p1f1.3hr.pr.gn.v20201013","CMIP6.CMIP.AS-RCEC.TaiESM1.historical.r1i1p1f1.3hr.prsn.gn.v20201013","CMIP6.CMIP.AS-RCEC.TaiESM1.historical.r1i1p1f1.3hr.rlds.gn.v20201013","CMIP6.CMIP.AS-RCEC.TaiESM1.historical.r1i1p1f1.3hr.rlus.gn.v20201013","CMIP6.CMIP.AS-RCEC.TaiESM1.historical.r1i1p1f1.3hr.rsds.gn.v20201013","CMIP6.CMIP.AS-RCEC.TaiESM1.historical.r1i1p1f1.3hr.rsus.gn.v20201013","CMIP6.CMIP.AS-RCEC.TaiESM1.historical.r1i1p1f1.3hr.tas.gn.v20201014","CMIP6.CMIP.AS-RCEC.TaiESM1.historical.r1i1p1f1.Amon.clt.gn.v20200623","CMIP6.CMIP.AS-RCEC.TaiESM1.historical.r1i1p1f1.Amon.huss.gn.v20200623","CMIP6.CMIP.AS-RCEC.TaiESM1.historical.r1i1p1f1.Amon.pr.gn.v20200623","CMIP6.CMIP.AS-RCEC.TaiESM1.historical.r1i1p1f1.Amon.prsn.gn.v20200623","CMIP6.CMIP.AS-RCEC.TaiESM1.historical.r1i1p1f1.Amon.psl.gn.v20200623","CMIP6.CMIP.AS-RCEC.TaiESM1.historical.r1i1p1f1.Amon.rlds.gn.v20200623","CMIP6.CMIP.AS-RCEC.TaiESM1.historical.r1i1p1f1.Amon.rlus.gn.v20200623","CMIP6.CMIP.AS-RCEC.TaiESM1.historical.r1i1p1f1.Amon.rsds.gn.v20200623","CMIP6.CMIP.AS-RCEC.TaiESM1.historical.r1i1p1f1.Amon.rsus.gn.v20200623","CMIP6.CMIP.AS-RCEC.TaiESM1.historical.r1i1p1f1.Amon.sfcWind.gn.v20200623","CMIP6.CMIP.AS-RCEC.TaiESM1.historical.r1i1p1f1.Amon.tas.gn.v20200623","CMIP6.CMIP.AS-RCEC.TaiESM1.historical.r1i1p1f1.day.clt.gn.v20200626","CMIP6.CMIP.AS-RCEC.TaiESM1.historical.r1i1p1f1.day.hurs.gn.v20200626","CMIP6.CMIP.AS-RCEC.TaiESM1.historical.r1i1p1f1.day.huss.gn.v20200626","CMIP6.CMIP.AS-RCEC.TaiESM1.historical.r1i1p1f1.day.pr.gn.v20200626","CMIP6.CMIP.AS-RCEC.TaiESM1.historical.r1i1p1f1.day.psl.gn.v20200626","CMIP6.CMIP.AS-RCEC.TaiESM1.historical.r1i1p1f1.day.rlds.gn.v20200626","CMIP6.CMIP.AS-RCEC.TaiESM1.historical.r1i1p1f1.day.rlus.gn.v20200626","CMIP6.CMIP.AS-RCEC.TaiESM1.historical.r1i1p1f1.day.rsds.gn.v20200626","CMIP6.CMIP.AS-RCEC.TaiESM1.historical.r1i1p1f1.day.rsus.gn.v20200626","CMIP6.CMIP.AS-RCEC.TaiESM1.historical.r1i1p1f1.day.sfcWind.gn.v20200626","CMIP6.CMIP.AS-RCEC.TaiESM1.historical.r1i1p1f1.day.tas.gn.v20200626","CMIP6.CMIP.AS-RCEC.TaiESM1.historical.r1i1p1f1.day.tasmax.gn.v20210517","CMIP6.CMIP.AS-RCEC.TaiESM1.historical.r1i1p1f1.day.tasmin.gn.v20210517","CMIP6.CMIP.AWI.AWI-CM-1-1-MR.historical.r1i1p1f1.3hr.clt.gn.v20181218","CMIP6.CMIP.AWI.AWI-CM-1-1-MR.historical.r1i1p1f1.3hr.pr.gn.v20181218","CMIP6.CMIP.AWI.AWI-CM-1-1-MR.historical.r1i1p1f1.3hr.prsn.gn.v20181218","CMIP6.CMIP.AWI.AWI-CM-1-1-MR.historical.r1i1p1f1.3hr.rlds.gn.v20181218","CMIP6.CMIP.AWI.AWI-CM-1-1-MR.historical.r1i1p1f1.3hr.rlus.gn.v20181218","CMIP6.CMIP.AWI.AWI-CM-1-1-MR.historical.r1i1p1f1.3hr.rsds.gn.v20181218","CMIP6.CMIP.AWI.AWI-CM-1-1-MR.historical.r1i1p1f1.3hr.rsus.gn.v20181218","CMIP6.CMIP.AWI.AWI-CM-1-1-MR.historical.r1i1p1f1.3hr.tas.gn.v20181218","CMIP6.CMIP.AWI.AWI-CM-1-1-MR.historical.r1i1p1f1.3hr.uas.gn.v20181218","CMIP6.CMIP.AWI.AWI-CM-1-1-MR.historical.r1i1p1f1.3hr.vas.gn.v20181218","CMIP6.CMIP.AWI.AWI-CM-1-1-MR.historical.r1i1p1f1.Amon.clt.gn.v20200511","CMIP6.CMIP.AWI.AWI-CM-1-1-MR.historical.r1i1p1f1.Amon.huss.gn.v20200511","CMIP6.CMIP.AWI.AWI-CM-1-1-MR.historical.r1i1p1f1.Amon.pr.gn.v20200511","CMIP6.CMIP.AWI.AWI-CM-1-1-MR.historical.r1i1p1f1.Amon.prsn.gn.v20200511","CMIP6.CMIP.AWI.AWI-CM-1-1-MR.historical.r1i1p1f1.Amon.psl.gn.v20181218","CMIP6.CMIP.AWI.AWI-CM-1-1-MR.historical.r1i1p1f1.Amon.rlds.gn.v20200511","CMIP6.CMIP.AWI.AWI-CM-1-1-MR.historical.r1i1p1f1.Amon.rlus.gn.v20200511","CMIP6.CMIP.AWI.AWI-CM-1-1-MR.historical.r1i1p1f1.Amon.rsds.gn.v20200511","CMIP6.CMIP.AWI.AWI-CM-1-1-MR.historical.r1i1p1f1.Amon.rsus.gn.v20200511","CMIP6.CMIP.AWI.AWI-CM-1-1-MR.historical.r1i1p1f1.Amon.sfcWind.gn.v20200511","CMIP6.CMIP.AWI.AWI-CM-1-1-MR.historical.r1i1p1f1.Amon.tas.gn.v20200720","CMIP6.CMIP.AWI.AWI-CM-1-1-MR.historical.r1i1p1f1.Amon.tasmax.gn.v20181218","CMIP6.CMIP.AWI.AWI-CM-1-1-MR.historical.r1i1p1f1.Amon.tasmin.gn.v20181218","CMIP6.CMIP.AWI.AWI-CM-1-1-MR.historical.r1i1p1f1.Amon.uas.gn.v20200511","CMIP6.CMIP.AWI.AWI-CM-1-1-MR.historical.r1i1p1f1.Amon.vas.gn.v20200511","CMIP6.CMIP.AWI.AWI-CM-1-1-MR.historical.r1i1p1f1.day.snw.gn.v20181218","CMIP6.CMIP.AWI.AWI-CM-1-1-MR.historical.r1i1p1f1.day.tas.gn.v20181218","CMIP6.CMIP.AWI.AWI-CM-1-1-MR.historical.r1i1p1f1.day.tasmax.gn.v20181218","CMIP6.CMIP.AWI.AWI-CM-1-1-MR.historical.r1i1p1f1.day.tasmin.gn.v20181218","CMIP6.CMIP.AWI.AWI-CM-1-1-MR.historical.r1i1p1f1.day.uas.gn.v20181218","CMIP6.CMIP.AWI.AWI-CM-1-1-MR.historical.r1i1p1f1.day.vas.gn.v20181218","CMIP6.CMIP.AWI.AWI-ESM-1-1-LR.historical.r1i1p1f1.3hr.clt.gn.v20200212","CMIP6.CMIP.AWI.AWI-ESM-1-1-LR.historical.r1i1p1f1.3hr.huss.gn.v20200212","CMIP6.CMIP.AWI.AWI-ESM-1-1-LR.historical.r1i1p1f1.3hr.pr.gn.v20200212","CMIP6.CMIP.AWI.AWI-ESM-1-1-LR.historical.r1i1p1f1.3hr.prsn.gn.v20200212","CMIP6.CMIP.AWI.AWI-ESM-1-1-LR.historical.r1i1p1f1.3hr.rlds.gn.v20200212","CMIP6.CMIP.AWI.AWI-ESM-1-1-LR.historical.r1i1p1f1.3hr.rlus.gn.v20200212","CMIP6.CMIP.AWI.AWI-ESM-1-1-LR.historical.r1i1p1f1.3hr.rsds.gn.v20200212","CMIP6.CMIP.AWI.AWI-ESM-1-1-LR.historical.r1i1p1f1.3hr.rsus.gn.v20200212","CMIP6.CMIP.AWI.AWI-ESM-1-1-LR.historical.r1i1p1f1.3hr.tas.gn.v20200212","CMIP6.CMIP.AWI.AWI-ESM-1-1-LR.historical.r1i1p1f1.3hr.uas.gn.v20200212","CMIP6.CMIP.AWI.AWI-ESM-1-1-LR.historical.r1i1p1f1.3hr.vas.gn.v20200212","CMIP6.CMIP.AWI.AWI-ESM-1-1-LR.historical.r1i1p1f1.Amon.clt.gn.v20200212","CMIP6.CMIP.AWI.AWI-ESM-1-1-LR.historical.r1i1p1f1.Amon.hurs.gn.v20200212","CMIP6.CMIP.AWI.AWI-ESM-1-1-LR.historical.r1i1p1f1.Amon.huss.gn.v20200212","CMIP6.CMIP.AWI.AWI-ESM-1-1-LR.historical.r1i1p1f1.Amon.pr.gn.v20200212","CMIP6.CMIP.AWI.AWI-ESM-1-1-LR.historical.r1i1p1f1.Amon.prsn.gn.v20200212","CMIP6.CMIP.AWI.AWI-ESM-1-1-LR.historical.r1i1p1f1.Amon.psl.gn.v20200212","CMIP6.CMIP.AWI.AWI-ESM-1-1-LR.historical.r1i1p1f1.Amon.rlds.gn.v20200212","CMIP6.CMIP.AWI.AWI-ESM-1-1-LR.historical.r1i1p1f1.Amon.rlus.gn.v20200212","CMIP6.CMIP.AWI.AWI-ESM-1-1-LR.historical.r1i1p1f1.Amon.rsds.gn.v20200212","CMIP6.CMIP.AWI.AWI-ESM-1-1-LR.historical.r1i1p1f1.Amon.rsus.gn.v20200212","CMIP6.CMIP.AWI.AWI-ESM-1-1-LR.historical.r1i1p1f1.Amon.sfcWind.gn.v20200212","CMIP6.CMIP.AWI.AWI-ESM-1-1-LR.historical.r1i1p1f1.Amon.tas.gn.v20200212","CMIP6.CMIP.AWI.AWI-ESM-1-1-LR.historical.r1i1p1f1.Amon.tasmax.gn.v20200212","CMIP6.CMIP.AWI.AWI-ESM-1-1-LR.historical.r1i1p1f1.Amon.tasmin.gn.v20200212","CMIP6.CMIP.AWI.AWI-ESM-1-1-LR.historical.r1i1p1f1.Amon.uas.gn.v20200212","CMIP6.CMIP.AWI.AWI-ESM-1-1-LR.historical.r1i1p1f1.Amon.vas.gn.v20200212","CMIP6.CMIP.AWI.AWI-ESM-1-1-LR.historical.r1i1p1f1.CF3hr.psl.gn.v20200212","CMIP6.CMIP.AWI.AWI-ESM-1-1-LR.historical.r1i1p1f1.day.clt.gn.v20200212","CMIP6.CMIP.AWI.AWI-ESM-1-1-LR.historical.r1i1p1f1.day.hurs.gn.v20200212","CMIP6.CMIP.AWI.AWI-ESM-1-1-LR.historical.r1i1p1f1.day.huss.gn.v20200212","CMIP6.CMIP.AWI.AWI-ESM-1-1-LR.historical.r1i1p1f1.day.pr.gn.v20200212","CMIP6.CMIP.AWI.AWI-ESM-1-1-LR.historical.r1i1p1f1.day.prsn.gn.v20200212","CMIP6.CMIP.AWI.AWI-ESM-1-1-LR.historical.r1i1p1f1.day.psl.gn.v20200212","CMIP6.CMIP.AWI.AWI-ESM-1-1-LR.historical.r1i1p1f1.day.rlds.gn.v20200212","CMIP6.CMIP.AWI.AWI-ESM-1-1-LR.historical.r1i1p1f1.day.rlus.gn.v20200212"],"grid":["All
        grid attributes are set for the native grid and based on information from
        attribute source.","CESM f09_g16 resolution","LMDZ grid","Native N216 grid
        (U points); 432 x 324 longitude/latitude","Native N216 grid (V points); 432
        x 325 longitude/latitude","Native N216 grid; 432 x 324 longitude/latitude","Native
        N96 grid (U points); 192 x 144 longitude/latitude","Native N96 grid (V points);
        192 x 145 longitude/latitude","Native N96 grid; 192 x 144 longitude/latitude","ORCA12T1279","T106","T159L62","T159L62-ORCA1L75","T255L91","T255L91-ORCA1L75","T42","T63","T63L49
        native atmosphere, T63 Linear Gaussian Grid; 128 x 64 longitude/latitude;
        49 levels; top level 1 hPa","atmos data regridded from Cubed-sphere (c48)
        to 94X192","atmos data regridded from Cubed-sphere (c96) to 180,288; interpolation
        method: conserve_order1","atmos data regridded from Cubed-sphere (c96) to
        180,288; interpolation method: conserve_order2","atmospheric grid: 144x90,
        ocean grid: 288x180","atmospheric grid: 144x90, ocean grid: 360x180","data
        regridded to a 359 gaussian grid (360x720 latlon) from a native atmosphere
        T359l reduced gaussian grid","data regridded to a CMIP6 standard 1x1 degree
        lonxlat grid from the native grid using an area-average preserving method.","data
        regridded to a T127 gaussian grid (128x256 latlon) from a native atmosphere
        T127l reduced gaussian grid","finite-volume grid with 0.9x1.25 degree lat/lon
        resolution","finite-volume grid with 1.9x2.5 degree lat/lon resolution","gn","gs1x1","gs2x1.5","gs2x2","land
        data regridded from Cubed-sphere (c96) to 180,288; interpolation method: conserve_order1","lat-lon","native
        0.9x1.25 finite volume grid (192x288 latxlon)","native 1.9x2.5 finite volume
        grid (96x144 latxlon)","native atmosphere N96 grid (144x192 latxlon)","native
        atmosphere N96 grid (145x192 latxlon)","native atmosphere T42 Gaussian grid","native
        atmosphere T85 Gaussian grid","native atmosphere TL159 gaussian grid (160x320
        latxlon)","native atmosphere area-weighted latxlon grid (80x180 latxlon)","native
        atmosphere regular grid","native atmosphere regular grid (128x256 latxlon)","native
        atmosphere regular grid (192x288 latxlon)"],"grid_label":["gn","gr","gr1"],"initialisation_index":[],"source_id":["ACCESS-CM2","ACCESS-ESM1-5","AWI-CM-1-1-MR","AWI-ESM-1-1-LR","BCC-CSM2-MR","BCC-ESM1","CAMS-CSM1-0","CAS-ESM2-0","CESM2","CESM2-FV2","CESM2-WACCM","CESM2-WACCM-FV2","CIESM","CMCC-CM2-HR4","CMCC-CM2-SR5","CMCC-ESM2","CNRM-CM6-1","CNRM-CM6-1-HR","CNRM-ESM2-1","CanESM5","CanESM5-CanOE","E3SM-1-0","E3SM-1-1","E3SM-1-1-ECA","EC-Earth3","EC-Earth3-AerChem","EC-Earth3-CC","EC-Earth3-Veg","EC-Earth3-Veg-LR","EC-Earth3P-VHR","FGOALS-f3-L","FGOALS-g3","FIO-ESM-2-0","GFDL-CM4","GFDL-ESM4","GISS-E2-1-G","GISS-E2-1-G-CC","GISS-E2-1-H","GISS-E2-2-G","GISS-E2-2-H","HadGEM3-GC31-LL","HadGEM3-GC31-MM","ICON-ESM-LR","IITM-ESM","INM-CM4-8","INM-CM5-0","IPSL-CM5A2-INCA","IPSL-CM6A-LR","IPSL-CM6A-LR-INCA","KACE-1-0-G","KIOST-ESM","MCM-UA-1-0","MIROC-ES2H","MIROC-ES2L","MIROC6","MPI-ESM-1-2-HAM","MPI-ESM1-2-HR","MPI-ESM1-2-LR","MRI-ESM2-0","NESM3","NorCPM1","NorESM2-LM","NorESM2-MM","SAM0-UNICON","TaiESM1","UKESM1-0-LL","UKESM1-1-LL"],"forcing_index":[]},"assets":{}}],"links":[{"rel":"root","type":"application/json","href":"https://test.eodatahub.org.uk/api/catalogue/stac/"},{"rel":"parent","type":"application/json","href":"https://test.eodatahub.org.uk/api/catalogue/stac/catalogs/supported-datasets/ceda-stac-catalogue"},{"rel":"self","type":"application/json","href":"https://test.eodatahub.org.uk/api/catalogue/stac/catalogs/supported-datasets/ceda-stac-catalogue/collections"}]}'
    headers:
      Access-Control-Allow-Headers:
      - Accept,Authorization,Content-Type
      Access-Control-Allow-Methods:
      - '*'
      Access-Control-Allow-Origin:
      - '*'
      Access-Control-Max-Age:
      - '1728000'
      Connection:
      - keep-alive
      Content-Length:
      - '7158'
      Content-Type:
      - application/json
      Date:
      - Wed, 29 Jan 2025 20:01:35 GMT
      Server:
      - nginx/1.27.0
      Via:
      - 1.1 a1c66294cb416b399374a845b97656d2.cloudfront.net (CloudFront)
      X-Amz-Cf-Id:
      - EKEq4e7CTNE5ATPJoWKKPSwBH6Zecg53kv_4VIVG-HwswZbpWoiMag==
      X-Amz-Cf-Pop:
      - PRG50-C1
      X-Cache:
      - Miss from cloudfront
      cache-control:
      - max-age=300, stale-while-revalidate=300
      content-encoding:
      - gzip
      vary:
      - Accept-Encoding
    status:
      code: 200
      message: OK
version: 1
